------------------------------------------------------------
TimeQuest Timing Analyzer Summary
------------------------------------------------------------

Type  : Slow 1200mV 85C Model Setup 'DE0_Nano_SOPC_inst|altpll_sys_inst|sd1|pll7|clk[0]'
Slack : 2.293
TNS   : 0.000

Type  : Slow 1200mV 85C Model Setup 'clk50'
Slack : 9.316
TNS   : 0.000

Type  : Slow 1200mV 85C Model Setup 'DE0_Nano_SOPC_inst|altpll_sys_inst|sd1|pll7|clk[4]'
Slack : 16.277
TNS   : 0.000

Type  : Slow 1200mV 85C Model Setup 'altera_reserved_tck'
Slack : 47.303
TNS   : 0.000

Type  : Slow 1200mV 85C Model Setup 'DE0_Nano_SOPC_inst|altpll_sys_inst|sd1|pll7|clk[2]'
Slack : 88.230
TNS   : 0.000

Type  : Slow 1200mV 85C Model Hold 'clk50'
Slack : 0.300
TNS   : 0.000

Type  : Slow 1200mV 85C Model Hold 'DE0_Nano_SOPC_inst|altpll_sys_inst|sd1|pll7|clk[0]'
Slack : 0.303
TNS   : 0.000

Type  : Slow 1200mV 85C Model Hold 'DE0_Nano_SOPC_inst|altpll_sys_inst|sd1|pll7|clk[4]'
Slack : 0.343
TNS   : 0.000

Type  : Slow 1200mV 85C Model Hold 'DE0_Nano_SOPC_inst|altpll_sys_inst|sd1|pll7|clk[2]'
Slack : 0.355
TNS   : 0.000

Type  : Slow 1200mV 85C Model Hold 'altera_reserved_tck'
Slack : 0.358
TNS   : 0.000

Type  : Slow 1200mV 85C Model Recovery 'DE0_Nano_SOPC_inst|altpll_sys_inst|sd1|pll7|clk[0]'
Slack : 5.636
TNS   : 0.000

Type  : Slow 1200mV 85C Model Recovery 'DE0_Nano_SOPC_inst|altpll_sys_inst|sd1|pll7|clk[4]'
Slack : 7.542
TNS   : 0.000

Type  : Slow 1200mV 85C Model Recovery 'DE0_Nano_SOPC_inst|altpll_sys_inst|sd1|pll7|clk[2]'
Slack : 7.543
TNS   : 0.000

Type  : Slow 1200mV 85C Model Recovery 'clk50'
Slack : 7.657
TNS   : 0.000

Type  : Slow 1200mV 85C Model Recovery 'altera_reserved_tck'
Slack : 48.026
TNS   : 0.000

Type  : Slow 1200mV 85C Model Removal 'altera_reserved_tck'
Slack : 1.041
TNS   : 0.000

Type  : Slow 1200mV 85C Model Removal 'clk50'
Slack : 1.265
TNS   : 0.000

Type  : Slow 1200mV 85C Model Removal 'DE0_Nano_SOPC_inst|altpll_sys_inst|sd1|pll7|clk[0]'
Slack : 1.511
TNS   : 0.000

Type  : Slow 1200mV 85C Model Removal 'DE0_Nano_SOPC_inst|altpll_sys_inst|sd1|pll7|clk[2]'
Slack : 1.816
TNS   : 0.000

Type  : Slow 1200mV 85C Model Removal 'DE0_Nano_SOPC_inst|altpll_sys_inst|sd1|pll7|clk[4]'
Slack : 1.817
TNS   : 0.000

Type  : Slow 1200mV 85C Model Minimum Pulse Width 'DE0_Nano_SOPC_inst|altpll_sys_inst|sd1|pll7|clk[0]'
Slack : 4.738
TNS   : 0.000

Type  : Slow 1200mV 85C Model Minimum Pulse Width 'clk50'
Slack : 9.485
TNS   : 0.000

Type  : Slow 1200mV 85C Model Minimum Pulse Width 'altera_reserved_tck'
Slack : 49.537
TNS   : 0.000

Type  : Slow 1200mV 85C Model Minimum Pulse Width 'DE0_Nano_SOPC_inst|altpll_sys_inst|sd1|pll7|clk[2]'
Slack : 49.744
TNS   : 0.000

Type  : Slow 1200mV 85C Model Minimum Pulse Width 'DE0_Nano_SOPC_inst|altpll_sys_inst|sd1|pll7|clk[4]'
Slack : 249.744
TNS   : 0.000

Type  : Slow 1200mV 0C Model Setup 'DE0_Nano_SOPC_inst|altpll_sys_inst|sd1|pll7|clk[0]'
Slack : 3.028
TNS   : 0.000

Type  : Slow 1200mV 0C Model Setup 'clk50'
Slack : 10.365
TNS   : 0.000

Type  : Slow 1200mV 0C Model Setup 'DE0_Nano_SOPC_inst|altpll_sys_inst|sd1|pll7|clk[4]'
Slack : 16.696
TNS   : 0.000

Type  : Slow 1200mV 0C Model Setup 'altera_reserved_tck'
Slack : 47.663
TNS   : 0.000

Type  : Slow 1200mV 0C Model Setup 'DE0_Nano_SOPC_inst|altpll_sys_inst|sd1|pll7|clk[2]'
Slack : 89.439
TNS   : 0.000

Type  : Slow 1200mV 0C Model Hold 'clk50'
Slack : 0.294
TNS   : 0.000

Type  : Slow 1200mV 0C Model Hold 'DE0_Nano_SOPC_inst|altpll_sys_inst|sd1|pll7|clk[0]'
Slack : 0.296
TNS   : 0.000

Type  : Slow 1200mV 0C Model Hold 'DE0_Nano_SOPC_inst|altpll_sys_inst|sd1|pll7|clk[4]'
Slack : 0.300
TNS   : 0.000

Type  : Slow 1200mV 0C Model Hold 'DE0_Nano_SOPC_inst|altpll_sys_inst|sd1|pll7|clk[2]'
Slack : 0.311
TNS   : 0.000

Type  : Slow 1200mV 0C Model Hold 'altera_reserved_tck'
Slack : 0.311
TNS   : 0.000

Type  : Slow 1200mV 0C Model Recovery 'DE0_Nano_SOPC_inst|altpll_sys_inst|sd1|pll7|clk[0]'
Slack : 6.053
TNS   : 0.000

Type  : Slow 1200mV 0C Model Recovery 'DE0_Nano_SOPC_inst|altpll_sys_inst|sd1|pll7|clk[4]'
Slack : 7.797
TNS   : 0.000

Type  : Slow 1200mV 0C Model Recovery 'DE0_Nano_SOPC_inst|altpll_sys_inst|sd1|pll7|clk[2]'
Slack : 7.798
TNS   : 0.000

Type  : Slow 1200mV 0C Model Recovery 'clk50'
Slack : 7.816
TNS   : 0.000

Type  : Slow 1200mV 0C Model Recovery 'altera_reserved_tck'
Slack : 48.297
TNS   : 0.000

Type  : Slow 1200mV 0C Model Removal 'altera_reserved_tck'
Slack : 0.948
TNS   : 0.000

Type  : Slow 1200mV 0C Model Removal 'clk50'
Slack : 1.267
TNS   : 0.000

Type  : Slow 1200mV 0C Model Removal 'DE0_Nano_SOPC_inst|altpll_sys_inst|sd1|pll7|clk[0]'
Slack : 1.386
TNS   : 0.000

Type  : Slow 1200mV 0C Model Removal 'DE0_Nano_SOPC_inst|altpll_sys_inst|sd1|pll7|clk[2]'
Slack : 1.657
TNS   : 0.000

Type  : Slow 1200mV 0C Model Removal 'DE0_Nano_SOPC_inst|altpll_sys_inst|sd1|pll7|clk[4]'
Slack : 1.658
TNS   : 0.000

Type  : Slow 1200mV 0C Model Minimum Pulse Width 'DE0_Nano_SOPC_inst|altpll_sys_inst|sd1|pll7|clk[0]'
Slack : 4.737
TNS   : 0.000

Type  : Slow 1200mV 0C Model Minimum Pulse Width 'clk50'
Slack : 9.487
TNS   : 0.000

Type  : Slow 1200mV 0C Model Minimum Pulse Width 'altera_reserved_tck'
Slack : 49.493
TNS   : 0.000

Type  : Slow 1200mV 0C Model Minimum Pulse Width 'DE0_Nano_SOPC_inst|altpll_sys_inst|sd1|pll7|clk[2]'
Slack : 49.743
TNS   : 0.000

Type  : Slow 1200mV 0C Model Minimum Pulse Width 'DE0_Nano_SOPC_inst|altpll_sys_inst|sd1|pll7|clk[4]'
Slack : 249.738
TNS   : 0.000

Type  : Fast 1200mV 0C Model Setup 'DE0_Nano_SOPC_inst|altpll_sys_inst|sd1|pll7|clk[0]'
Slack : 5.546
TNS   : 0.000

Type  : Fast 1200mV 0C Model Setup 'clk50'
Slack : 13.853
TNS   : 0.000

Type  : Fast 1200mV 0C Model Setup 'DE0_Nano_SOPC_inst|altpll_sys_inst|sd1|pll7|clk[4]'
Slack : 17.764
TNS   : 0.000

Type  : Fast 1200mV 0C Model Setup 'altera_reserved_tck'
Slack : 48.764
TNS   : 0.000

Type  : Fast 1200mV 0C Model Setup 'DE0_Nano_SOPC_inst|altpll_sys_inst|sd1|pll7|clk[2]'
Slack : 93.127
TNS   : 0.000

Type  : Fast 1200mV 0C Model Hold 'clk50'
Slack : 0.144
TNS   : 0.000

Type  : Fast 1200mV 0C Model Hold 'DE0_Nano_SOPC_inst|altpll_sys_inst|sd1|pll7|clk[0]'
Slack : 0.150
TNS   : 0.000

Type  : Fast 1200mV 0C Model Hold 'DE0_Nano_SOPC_inst|altpll_sys_inst|sd1|pll7|clk[4]'
Slack : 0.180
TNS   : 0.000

Type  : Fast 1200mV 0C Model Hold 'DE0_Nano_SOPC_inst|altpll_sys_inst|sd1|pll7|clk[2]'
Slack : 0.185
TNS   : 0.000

Type  : Fast 1200mV 0C Model Hold 'altera_reserved_tck'
Slack : 0.185
TNS   : 0.000

Type  : Fast 1200mV 0C Model Recovery 'DE0_Nano_SOPC_inst|altpll_sys_inst|sd1|pll7|clk[0]'
Slack : 7.410
TNS   : 0.000

Type  : Fast 1200mV 0C Model Recovery 'clk50'
Slack : 8.451
TNS   : 0.000

Type  : Fast 1200mV 0C Model Recovery 'DE0_Nano_SOPC_inst|altpll_sys_inst|sd1|pll7|clk[4]'
Slack : 8.531
TNS   : 0.000

Type  : Fast 1200mV 0C Model Recovery 'DE0_Nano_SOPC_inst|altpll_sys_inst|sd1|pll7|clk[2]'
Slack : 8.533
TNS   : 0.000

Type  : Fast 1200mV 0C Model Recovery 'altera_reserved_tck'
Slack : 49.164
TNS   : 0.000

Type  : Fast 1200mV 0C Model Removal 'altera_reserved_tck'
Slack : 0.563
TNS   : 0.000

Type  : Fast 1200mV 0C Model Removal 'clk50'
Slack : 0.633
TNS   : 0.000

Type  : Fast 1200mV 0C Model Removal 'DE0_Nano_SOPC_inst|altpll_sys_inst|sd1|pll7|clk[0]'
Slack : 0.843
TNS   : 0.000

Type  : Fast 1200mV 0C Model Removal 'DE0_Nano_SOPC_inst|altpll_sys_inst|sd1|pll7|clk[2]'
Slack : 0.999
TNS   : 0.000

Type  : Fast 1200mV 0C Model Removal 'DE0_Nano_SOPC_inst|altpll_sys_inst|sd1|pll7|clk[4]'
Slack : 1.000
TNS   : 0.000

Type  : Fast 1200mV 0C Model Minimum Pulse Width 'DE0_Nano_SOPC_inst|altpll_sys_inst|sd1|pll7|clk[0]'
Slack : 4.750
TNS   : 0.000

Type  : Fast 1200mV 0C Model Minimum Pulse Width 'clk50'
Slack : 9.206
TNS   : 0.000

Type  : Fast 1200mV 0C Model Minimum Pulse Width 'altera_reserved_tck'
Slack : 49.307
TNS   : 0.000

Type  : Fast 1200mV 0C Model Minimum Pulse Width 'DE0_Nano_SOPC_inst|altpll_sys_inst|sd1|pll7|clk[2]'
Slack : 49.753
TNS   : 0.000

Type  : Fast 1200mV 0C Model Minimum Pulse Width 'DE0_Nano_SOPC_inst|altpll_sys_inst|sd1|pll7|clk[4]'
Slack : 249.774
TNS   : 0.000

------------------------------------------------------------
