Archive member included because of file (symbol)

/home/uoftmda/altera/13.1/nios2eds/bin/gnu/H-i686-pc-linux-gnu/bin/../lib/gcc/nios2-elf/4.7.3/../../../../../H-i686-pc-linux-gnu/nios2-elf/lib/mno-hw-mul/libm.a(lib_a-w_atan2.o)
                              obj/default/src/controller.o (atan2)
/home/uoftmda/altera/13.1/nios2eds/bin/gnu/H-i686-pc-linux-gnu/bin/../lib/gcc/nios2-elf/4.7.3/../../../../../H-i686-pc-linux-gnu/nios2-elf/lib/mno-hw-mul/libm.a(lib_a-w_fmod.o)
                              obj/default/src/controller.o (fmod)
/home/uoftmda/altera/13.1/nios2eds/bin/gnu/H-i686-pc-linux-gnu/bin/../lib/gcc/nios2-elf/4.7.3/../../../../../H-i686-pc-linux-gnu/nios2-elf/lib/mno-hw-mul/libm.a(lib_a-w_pow.o)
                              obj/default/src/pwm_force.o (pow)
/home/uoftmda/altera/13.1/nios2eds/bin/gnu/H-i686-pc-linux-gnu/bin/../lib/gcc/nios2-elf/4.7.3/../../../../../H-i686-pc-linux-gnu/nios2-elf/lib/mno-hw-mul/libm.a(lib_a-w_sqrt.o)
                              obj/default/src/controller.o (sqrt)
/home/uoftmda/altera/13.1/nios2eds/bin/gnu/H-i686-pc-linux-gnu/bin/../lib/gcc/nios2-elf/4.7.3/../../../../../H-i686-pc-linux-gnu/nios2-elf/lib/mno-hw-mul/libm.a(lib_a-e_atan2.o)
                              /home/uoftmda/altera/13.1/nios2eds/bin/gnu/H-i686-pc-linux-gnu/bin/../lib/gcc/nios2-elf/4.7.3/../../../../../H-i686-pc-linux-gnu/nios2-elf/lib/mno-hw-mul/libm.a(lib_a-w_atan2.o) (__ieee754_atan2)
/home/uoftmda/altera/13.1/nios2eds/bin/gnu/H-i686-pc-linux-gnu/bin/../lib/gcc/nios2-elf/4.7.3/../../../../../H-i686-pc-linux-gnu/nios2-elf/lib/mno-hw-mul/libm.a(lib_a-e_fmod.o)
                              /home/uoftmda/altera/13.1/nios2eds/bin/gnu/H-i686-pc-linux-gnu/bin/../lib/gcc/nios2-elf/4.7.3/../../../../../H-i686-pc-linux-gnu/nios2-elf/lib/mno-hw-mul/libm.a(lib_a-w_fmod.o) (__ieee754_fmod)
/home/uoftmda/altera/13.1/nios2eds/bin/gnu/H-i686-pc-linux-gnu/bin/../lib/gcc/nios2-elf/4.7.3/../../../../../H-i686-pc-linux-gnu/nios2-elf/lib/mno-hw-mul/libm.a(lib_a-e_pow.o)
                              /home/uoftmda/altera/13.1/nios2eds/bin/gnu/H-i686-pc-linux-gnu/bin/../lib/gcc/nios2-elf/4.7.3/../../../../../H-i686-pc-linux-gnu/nios2-elf/lib/mno-hw-mul/libm.a(lib_a-w_pow.o) (__ieee754_pow)
/home/uoftmda/altera/13.1/nios2eds/bin/gnu/H-i686-pc-linux-gnu/bin/../lib/gcc/nios2-elf/4.7.3/../../../../../H-i686-pc-linux-gnu/nios2-elf/lib/mno-hw-mul/libm.a(lib_a-e_sqrt.o)
                              /home/uoftmda/altera/13.1/nios2eds/bin/gnu/H-i686-pc-linux-gnu/bin/../lib/gcc/nios2-elf/4.7.3/../../../../../H-i686-pc-linux-gnu/nios2-elf/lib/mno-hw-mul/libm.a(lib_a-w_sqrt.o) (__ieee754_sqrt)
/home/uoftmda/altera/13.1/nios2eds/bin/gnu/H-i686-pc-linux-gnu/bin/../lib/gcc/nios2-elf/4.7.3/../../../../../H-i686-pc-linux-gnu/nios2-elf/lib/mno-hw-mul/libm.a(lib_a-s_atan.o)
                              /home/uoftmda/altera/13.1/nios2eds/bin/gnu/H-i686-pc-linux-gnu/bin/../lib/gcc/nios2-elf/4.7.3/../../../../../H-i686-pc-linux-gnu/nios2-elf/lib/mno-hw-mul/libm.a(lib_a-e_atan2.o) (atan)
/home/uoftmda/altera/13.1/nios2eds/bin/gnu/H-i686-pc-linux-gnu/bin/../lib/gcc/nios2-elf/4.7.3/../../../../../H-i686-pc-linux-gnu/nios2-elf/lib/mno-hw-mul/libm.a(lib_a-s_fabs.o)
                              /home/uoftmda/altera/13.1/nios2eds/bin/gnu/H-i686-pc-linux-gnu/bin/../lib/gcc/nios2-elf/4.7.3/../../../../../H-i686-pc-linux-gnu/nios2-elf/lib/mno-hw-mul/libm.a(lib_a-e_atan2.o) (fabs)
/home/uoftmda/altera/13.1/nios2eds/bin/gnu/H-i686-pc-linux-gnu/bin/../lib/gcc/nios2-elf/4.7.3/../../../../../H-i686-pc-linux-gnu/nios2-elf/lib/mno-hw-mul/libm.a(lib_a-s_finite.o)
                              /home/uoftmda/altera/13.1/nios2eds/bin/gnu/H-i686-pc-linux-gnu/bin/../lib/gcc/nios2-elf/4.7.3/../../../../../H-i686-pc-linux-gnu/nios2-elf/lib/mno-hw-mul/libm.a(lib_a-w_pow.o) (finite)
/home/uoftmda/altera/13.1/nios2eds/bin/gnu/H-i686-pc-linux-gnu/bin/../lib/gcc/nios2-elf/4.7.3/../../../../../H-i686-pc-linux-gnu/nios2-elf/lib/mno-hw-mul/libm.a(lib_a-s_isnand.o)
                              /home/uoftmda/altera/13.1/nios2eds/bin/gnu/H-i686-pc-linux-gnu/bin/../lib/gcc/nios2-elf/4.7.3/../../../../../H-i686-pc-linux-gnu/nios2-elf/lib/mno-hw-mul/libm.a(lib_a-w_fmod.o) (__isnand)
/home/uoftmda/altera/13.1/nios2eds/bin/gnu/H-i686-pc-linux-gnu/bin/../lib/gcc/nios2-elf/4.7.3/../../../../../H-i686-pc-linux-gnu/nios2-elf/lib/mno-hw-mul/libm.a(lib_a-s_lib_ver.o)
                              /home/uoftmda/altera/13.1/nios2eds/bin/gnu/H-i686-pc-linux-gnu/bin/../lib/gcc/nios2-elf/4.7.3/../../../../../H-i686-pc-linux-gnu/nios2-elf/lib/mno-hw-mul/libm.a(lib_a-w_fmod.o) (__fdlib_version)
/home/uoftmda/altera/13.1/nios2eds/bin/gnu/H-i686-pc-linux-gnu/bin/../lib/gcc/nios2-elf/4.7.3/../../../../../H-i686-pc-linux-gnu/nios2-elf/lib/mno-hw-mul/libm.a(lib_a-s_matherr.o)
[...]
Memory Configuration

Name             Origin             Length             Attributes
reset            0x02000000         0x00000020
sdram            0x02000020         0x01ffffe0
epcs             0x05000000         0x00000800
*default*        0x00000000         0xffffffff

Linker script and memory map

LOAD ../bsp/obj/HAL/src/crt0.o
LOAD obj/default/src/accelerometer_adxl345_spi.o
LOAD obj/default/src/controller.o
LOAD obj/default/src/interrupts.o
LOAD obj/default/src/main.o
LOAD obj/default/src/pid.o
LOAD obj/default/src/pwm_force.o
LOAD obj/default/src/rs232.o
LOAD obj/default/src/terasic_spi.o
LOAD obj/default/src/utils.o
LOAD /home/uoftmda/altera/13.1/nios2eds/bin/gnu/H-i686-pc-linux-gnu/bin/../lib/gcc/nios2-elf/4.7.3/../../../../../H-i686-pc-linux-gnu/nios2-elf/lib/mno-hw-mul/libstdc++.a
LOAD /home/uoftmda/altera/13.1/nios2eds/bin/gnu/H-i686-pc-linux-gnu/bin/../lib/gcc/nios2-elf/4.7.3/../../../../../H-i686-pc-linux-gnu/nios2-elf/lib/mno-hw-mul/libm.a
LOAD /home/uoftmda/altera/13.1/nios2eds/bin/gnu/H-i686-pc-linux-gnu/bin/../lib/gcc/nios2-elf/4.7.3/mno-hw-mul/libgcc.a
START GROUP
LOAD /home/uoftmda/altera/13.1/nios2eds/bin/gnu/H-i686-pc-linux-gnu/bin/../lib/gcc/nios2-elf/4.7.3/../../../../../H-i686-pc-linux-gnu/nios2-elf/lib/mno-hw-mul/libc.a
LOAD /home/uoftmda/altera/13.1/nios2eds/bin/gnu/H-i686-pc-linux-gnu/bin/../lib/gcc/nios2-elf/4.7.3/mno-hw-mul/libgcc.a
LOAD ../bsp/libhal_bsp.a
END GROUP
LOAD /home/uoftmda/altera/13.1/nios2eds/bin/gnu/H-i686-pc-linux-gnu/bin/../lib/gcc/nios2-elf/4.7.3/mno-hw-mul/libgcc.a
                0x02000000                __alt_mem_sdram = 0x2000000
                0x05000000                __alt_mem_epcs = 0x5000000

.entry          0x02000000       0x20
 *(.entry)
 .entry         0x02000000       0x20 ../bsp/obj/HAL/src/crt0.o
                0x02000000                __reset

.exceptions     0x02000020      0x198
                0x02000020                PROVIDE (__ram_exceptions_start, ABSOLUTE (.))
                0x02000020                . = ALIGN (0x20)
 *(.irq)
 *(.exceptions.entry.label)
 .exceptions.entry.label
                0x02000020        0x0 ../bsp/libhal_bsp.a(alt_irq_entry.o)
                0x02000020                alt_irq_entry
 .exceptions.entry.label
                0x02000020        0x0 ../bsp/libhal_bsp.a(alt_exception_entry.o)
                0x02000020                alt_exception
 *(.exceptions.entry.user)
 *(.exceptions.entry.ecc_fatal)
 *(.exceptions.entry)
 .exceptions.entry
                0x02000020       0x54 ../bsp/libhal_bsp.a(alt_exception_entry.o)
 *(.exceptions.irqtest.user)
 *(.exceptions.irqtest)
 .exceptions.irqtest
                0x02000074       0x10 ../bsp/libhal_bsp.a(alt_irq_entry.o)
 *(.exceptions.irqhandler.user)
 *(.exceptions.irqhandler)
 .exceptions.irqhandler
                0x02000084        0x4 ../bsp/libhal_bsp.a(alt_irq_entry.o)
 *(.exceptions.irqreturn.user)
 *(.exceptions.irqreturn)
 .exceptions.irqreturn
                0x02000088        0x4 ../bsp/libhal_bsp.a(alt_irq_entry.o)
 *(.exceptions.notirq.label)
 .exceptions.notirq.label
                0x0200008c        0x0 ../bsp/libhal_bsp.a(alt_irq_entry.o)
 *(.exceptions.notirq.user)
 *(.exceptions.notirq)
 .exceptions.notirq
                0x0200008c        0x8 ../bsp/libhal_bsp.a(alt_exception_entry.o)
 *(.exceptions.soft.user)
 *(.exceptions.soft)
 *(.exceptions.unknown.user)
 *(.exceptions.unknown)
 .exceptions.unknown
                0x02000094        0x4 ../bsp/libhal_bsp.a(alt_exception_entry.o)
 *(.exceptions.exit.label)
 .exceptions.exit.label
                0x02000098        0x0 ../bsp/libhal_bsp.a(alt_irq_entry.o)
 .exceptions.exit.label
                0x02000098        0x0 ../bsp/libhal_bsp.a(alt_exception_entry.o)
 *(.exceptions.exit.user)
 *(.exceptions.exit)
 .exceptions.exit
                0x02000098       0x54 ../bsp/libhal_bsp.a(alt_exception_entry.o)
 *(.exceptions)
 .exceptions    0x020000ec       0xcc ../bsp/libhal_bsp.a(alt_irq_handler.o)
                0x020000ec                alt_irq_handler
                0x020001b8                PROVIDE (__ram_exceptions_end, ABSOLUTE (.))
                0x02000020                PROVIDE (__flash_exceptions_start, LOADADDR (.exceptions))

.text           0x020001b8    0x1d374
                0x020001b8                PROVIDE (stext, ABSOLUTE (.))
 *(.interp)
 *(.hash)
 *(.dynsym)
 *(.dynstr)
 *(.gnu.version)
 *(.gnu.version_d)
 *(.gnu.version_r)
 *(.rel.init)
 *(.rela.init)
 *(.rel.text .rel.text.* .rel.gnu.linkonce.t.*)
 *(.rela.text .rela.text.* .rela.gnu.linkonce.t.*)
 *(.rel.fini)
 *(.rela.fini)
 *(.rel.rodata .rel.rodata.* .rel.gnu.linkonce.r.*)
 *(.rela.rodata .rela.rodata.* .rela.gnu.linkonce.r.*)
 *(.rel.data .rel.data.* .rel.gnu.linkonce.d.*)
 *(.rela.data .rela.data.* .rela.gnu.linkonce.d.*)
 *(.rel.tdata .rel.tdata.* .rel.gnu.linkonce.td.*)
 *(.rela.tdata .rela.tdata.* .rela.gnu.linkonce.td.*)
 *(.rel.tbss .rel.tbss.* .rel.gnu.linkonce.tb.*)
 *(.rela.tbss .rela.tbss.* .rela.gnu.linkonce.tb.*)
 *(.rel.ctors)
 *(.rela.ctors)
 *(.rel.dtors)
 *(.rela.dtors)
 *(.rel.got)
 *(.rela.got)
 *(.rel.sdata .rel.sdata.* .rel.gnu.linkonce.s.*)
 *(.rela.sdata .rela.sdata.* .rela.gnu.linkonce.s.*)
 *(.rel.sbss .rel.sbss.* .rel.gnu.linkonce.sb.*)
 *(.rela.sbss .rela.sbss.* .rela.gnu.linkonce.sb.*)
 *(.rel.sdata2 .rel.sdata2.* .rel.gnu.linkonce.s2.*)
 *(.rela.sdata2 .rela.sdata2.* .rela.gnu.linkonce.s2.*)
 *(.rel.sbss2 .rel.sbss2.* .rel.gnu.linkonce.sb2.*)
 *(.rela.sbss2 .rela.sbss2.* .rela.gnu.linkonce.sb2.*)
 *(.rel.bss .rel.bss.* .rel.gnu.linkonce.b.*)
 *(.rela.bss .rela.bss.* .rela.gnu.linkonce.b.*)
 *(.rel.plt)
 *(.rela.plt)
 *(.rel.dyn)
 *(.init)
 *(.plt)
 *(.text .stub .text.* .gnu.linkonce.t.*)
 .text          0x020001b8       0x3c ../bsp/obj/HAL/src/crt0.o
                0x020001b8                _start
 .text          0x020001f4      0x238 obj/default/src/accelerometer_adxl345_spi.o
                0x020001f4                ADXL345_SPI_Init
                0x020002b0                ADXL345_SPI_WaitDataReady
                0x0200036c                ADXL345_SPI_IsDataReady
                0x020003ac                ADXL345_SPI_XYZ_Read
                0x02000420                ADXL345_SPI_IdRead
 .text          0x0200042c     0x45d4 obj/default/src/controller.o
                0x0200042c                set_target_speed
                0x0200043c                set_target_heading
                0x0200044c                set_target_depth
                0x0200045c                update_depth_reading
                0x020004d0                get_average_depth
                0x020004ec                get_orientation
                0x02000638                set_pid_constants
                0x020006e0                pid_init
                0x020007f4                set_pid_constants_pitch
                0x020008a0                set_pid_constants_roll
                0x0200094c                set_pid_constants_yaw
                0x020009f8                set_pid_constants_depth
                0x02000aa4                motor_force_to_pwm
                0x02000ae0                stabilizing_motors_force_to_pwm
                0x0200269c                calculate_pid
                0x02004934                print_debug_controller
 .text          0x02004a00      0x474 obj/default/src/interrupts.o
                0x02004d38                get_user_depth
                0x02004d48                set_controller
                0x02004de4                init_interrupts
 .text          0x02004e74      0xd0c obj/default/src/main.o
                0x02004e74                print_help
                0x02004f34                process_command
 .text.startup  0x02005b80       0x24 obj/default/src/main.o
                0x02005b80                main
 .text          0x02005ba4      0x240 obj/default/src/pid.o
                0x02005ba4                PID_Reset
                0x02005bd4                PID_Update
                0x02005d40                PID_Output
 .text          0x02005de4      0x628 obj/default/src/pwm_force.o
                0x02005de4                inverse_cubic
                0x02005fc8                init_lookup
                0x02006200                pwm_of_force
 .text          0x0200640c      0x818 obj/default/src/rs232.o
                0x02006508                get_imu_orientation
                0x02006524                rs232_init
                0x02006578                rs232_shell
                0x020067fc                checksum_byte
                0x0200683c                checksum_short
                0x020068bc                write_cmd
                0x02006af4                write_str
 .text          0x02006c24      0x2a4 obj/default/src/terasic_spi.o
                0x02006c24                SPI_Init
                0x02006c40                SPI_MultipleWrite
                0x02006cd4                SPI_Write
                0x02006d54                SPI_MultipleRead
                0x02006e24                SPI_Read
 .text          0x02006ec8      0x60c obj/default/src/utils.o
                0x02006ec8                init
                0x02007000                alt_getline
                0x020070a8                service_main_loop
                0x020070c4                read_hex
                0x02007178                print_int
                0x02007188                set_pow
                0x02007194                set_motor_dir
                0x0200723c                get_motor_dir
                0x0200725c                set_motor_duty_cycle
                0x02007370                set_pwm_freq
                0x020073dc                get_motor_duty_cycle
                0x02007408                get_pwm_freq
                0x0200745c                get_depth
                0x02007468                get_accel
 .text          0x020074d4        0x4 /home/uoftmda/altera/13.1/nios2eds/bin/gnu/H-i686-pc-linux-gnu/bin/../lib/gcc/nios2-elf/4.7.3/../../../../../H-i686-pc-linux-gnu/nios2-elf/lib/mno-hw-mul/libm.a(lib_a-w_atan2.o)
                0x020074d4                atan2
 .text          0x020074d8      0x158 /home/uoftmda/altera/13.1/nios2eds/bin/gnu/H-i686-pc-linux-gnu/bin/../lib/gcc/nios2-elf/4.7.3/../../../../../H-i686-pc-linux-gnu/nios2-elf/lib/mno-hw-mul/libm.a(lib_a-w_fmod.o)
                0x020074d8                fmod
 .text          0x02007630      0x4c0 /home/uoftmda/altera/13.1/nios2eds/bin/gnu/H-i686-pc-linux-gnu/bin/../lib/gcc/nios2-elf/4.7.3/../../../../../H-i686-pc-linux-gnu/nios2-elf/lib/mno-hw-mul/libm.a(lib_a-w_pow.o)
                0x02007630                pow
 .text          0x02007af0      0x148 /home/uoftmda/altera/13.1/nios2eds/bin/gnu/H-i686-pc-linux-gnu/bin/../lib/gcc/nios2-elf/4.7.3/../../../../../H-i686-pc-linux-gnu/nios2-elf/lib/mno-hw-mul/libm.a(lib_a-w_sqrt.o)
                0x02007af0                sqrt
 .text          0x02007c38      0x2d0 /home/uoftmda/altera/13.1/nios2eds/bin/gnu/H-i686-pc-linux-gnu/bin/../lib/gcc/nios2-elf/4.7.3/../../../../../H-i686-pc-linux-gnu/nios2-elf/lib/mno-hw-mul/libm.a(lib_a-e_atan2.o)
                0x02007c38                __ieee754_atan2
 .text          0x02007f08      0x33c /home/uoftmda/altera/13.1/nios2eds/bin/gnu/H-i686-pc-linux-gnu/bin/../lib/gcc/nios2-elf/4.7.3/../../../../../H-i686-pc-linux-gnu/nios2-elf/lib/mno-hw-mul/libm.a(lib_a-e_fmod.o)
                0x02007f08                __ieee754_fmod
 .text          0x02008244     0x1134 /home/uoftmda/altera/13.1/nios2eds/bin/gnu/H-i686-pc-linux-gnu/bin/../lib/gcc/nios2-elf/4.7.3/../../../../../H-i686-pc-linux-gnu/nios2-elf/lib/mno-hw-mul/libm.a(lib_a-e_pow.o)
                0x02008244                __ieee754_pow
 .text          0x02009378      0x2c4 /home/uoftmda/altera/13.1/nios2eds/bin/gnu/H-i686-pc-linux-gnu/bin/../lib/gcc/nios2-elf/4.7.3/../../../../../H-i686-pc-linux-gnu/nios2-elf/lib/mno-hw-mul/libm.a(lib_a-e_sqrt.o)
                0x02009378                __ieee754_sqrt
 .text          0x0200963c      0x5b0 /home/uoftmda/altera/13.1/nios2eds/bin/gnu/H-i686-pc-linux-gnu/bin/../lib/gcc/nios2-elf/4.7.3/../../../../../H-i686-pc-linux-gnu/nios2-elf/lib/mno-hw-mul/libm.a(lib_a-s_atan.o)
                0x0200963c                atan
 .text          0x02009bec       0x14 /home/uoftmda/altera/13.1/nios2eds/bin/gnu/H-i686-pc-linux-gnu/bin/../lib/gcc/nios2-elf/4.7.3/../../../../../H-i686-pc-linux-gnu/nios2-elf/lib/mno-hw-mul/libm.a(lib_a-s_fabs.o)
                0x02009bec                fabs
 .text          0x02009c00       0x1c /home/uoftmda/altera/13.1/nios2eds/bin/gnu/H-i686-pc-linux-gnu/bin/../lib/gcc/nios2-elf/4.7.3/../../../../../H-i686-pc-linux-gnu/nios2-elf/lib/mno-hw-mul/libm.a(lib_a-s_finite.o)
                0x02009c00                finite
 .text          0x02009c1c       0x2c /home/uoftmda/altera/13.1/nios2eds/bin/gnu/H-i686-pc-linux-gnu/bin/../lib/gcc/nios2-elf/4.7.3/../../../../../H-i686-pc-linux-gnu/nios2-elf/lib/mno-hw-mul/libm.a(lib_a-s_isnand.o)
                0x02009c1c                __isnand
 .text          0x02009c48        0x0 /home/uoftmda/altera/13.1/nios2eds/bin/gnu/H-i686-pc-linux-gnu/bin/../lib/gcc/nios2-elf/4.7.3/../../../../../H-i686-pc-linux-gnu/nios2-elf/lib/mno-hw-mul/libm.a(lib_a-s_lib_ver.o)
 .text          0x02009c48        0x8 /home/uoftmda/altera/13.1/nios2eds/bin/gnu/H-i686-pc-linux-gnu/bin/../lib/gcc/nios2-elf/4.7.3/../../../../../H-i686-pc-linux-gnu/nios2-elf/lib/mno-hw-mul/libm.a(lib_a-s_matherr.o)
                0x02009c48                matherr
 .text          0x02009c50        0xc /home/uoftmda/altera/13.1/nios2eds/bin/gnu/H-i686-pc-linux-gnu/bin/../lib/gcc/nios2-elf/4.7.3/../../../../../H-i686-pc-linux-gnu/nios2-elf/lib/mno-hw-mul/libm.a(lib_a-s_nan.o)
                0x02009c50                nan
 .text          0x02009c5c      0x1f4 /home/uoftmda/altera/13.1/nios2eds/bin/gnu/H-i686-pc-linux-gnu/bin/../lib/gcc/nios2-elf/4.7.3/../../../../../H-i686-pc-linux-gnu/nios2-elf/lib/mno-hw-mul/libm.a(lib_a-s_rint.o)
                0x02009c5c                rint
 .text          0x02009e50      0x194 /home/uoftmda/altera/13.1/nios2eds/bin/gnu/H-i686-pc-linux-gnu/bin/../lib/gcc/nios2-elf/4.7.3/../../../../../H-i686-pc-linux-gnu/nios2-elf/lib/mno-hw-mul/libm.a(lib_a-s_scalbn.o)
                0x02009e50                scalbn
 .text          0x02009fe4       0x1c /home/uoftmda/altera/13.1/nios2eds/bin/gnu/H-i686-pc-linux-gnu/bin/../lib/gcc/nios2-elf/4.7.3/../../../../../H-i686-pc-linux-gnu/nios2-elf/lib/mno-hw-mul/libm.a(lib_a-s_copysign.o)
                0x02009fe4                copysign
 .text          0x0200a000      0x13c /home/uoftmda/altera/13.1/nios2eds/bin/gnu/H-i686-pc-linux-gnu/bin/../lib/gcc/nios2-elf/4.7.3/mno-hw-mul/libgcc.a(_div_sf.o)
                0x0200a000                __divsf3
 .text          0x0200a13c       0xa4 /home/uoftmda/altera/13.1/nios2eds/bin/gnu/H-i686-pc-linux-gnu/bin/../lib/gcc/nios2-elf/4.7.3/mno-hw-mul/libgcc.a(_sf_to_si.o)
                0x0200a13c                __fixsfsi
 .text          0x0200a1e0       0x44 /home/uoftmda/altera/13.1/nios2eds/bin/gnu/H-i686-pc-linux-gnu/bin/../lib/gcc/nios2-elf/4.7.3/mno-hw-mul/libgcc.a(_sf_to_df.o)
                0x0200a1e0                __extendsfdf2
 .text          0x0200a224        0x0 /home/uoftmda/altera/13.1/nios2eds/bin/gnu/H-i686-pc-linux-gnu/bin/../lib/gcc/nios2-elf/4.7.3/mno-hw-mul/libgcc.a(_thenan_sf.o)
 .text          0x0200a224      0x408 /home/uoftmda/altera/13.1/nios2eds/bin/gnu/H-i686-pc-linux-gnu/bin/../lib/gcc/nios2-elf/4.7.3/mno-hw-mul/libgcc.a(_addsub_df.o)
                0x0200a578                __adddf3
                0x0200a5cc                __subdf3
 .text          0x0200a62c      0x2e4 /home/uoftmda/altera/13.1/nios2eds/bin/gnu/H-i686-pc-linux-gnu/bin/../lib/gcc/nios2-elf/4.7.3/mno-hw-mul/libgcc.a(_mul_df.o)
                0x0200a62c                __muldf3
 .text          0x0200a910      0x1b4 /home/uoftmda/altera/13.1/nios2eds/bin/gnu/H-i686-pc-linux-gnu/bin/../lib/gcc/nios2-elf/4.7.3/mno-hw-mul/libgcc.a(_div_df.o)
                0x0200a910                __divdf3
 .text          0x0200aac4       0x5c /home/uoftmda/altera/13.1/nios2eds/bin/gnu/H-i686-pc-linux-gnu/bin/../lib/gcc/nios2-elf/4.7.3/mno-hw-mul/libgcc.a(_eq_df.o)
                0x0200aac4                __eqdf2
 .text          0x0200ab20       0x5c /home/uoftmda/altera/13.1/nios2eds/bin/gnu/H-i686-pc-linux-gnu/bin/../lib/gcc/nios2-elf/4.7.3/mno-hw-mul/libgcc.a(_ne_df.o)
                0x0200ab20                __nedf2
 .text          0x0200ab7c       0x64 /home/uoftmda/altera/13.1/nios2eds/bin/gnu/H-i686-pc-linux-gnu/bin/../lib/gcc/nios2-elf/4.7.3/mno-hw-mul/libgcc.a(_gt_df.o)
                0x0200ab7c                __gtdf2
 .text          0x0200abe0       0x5c /home/uoftmda/altera/13.1/nios2eds/bin/gnu/H-i686-pc-linux-gnu/bin/../lib/gcc/nios2-elf/4.7.3/mno-hw-mul/libgcc.a(_lt_df.o)
                0x0200abe0                __ltdf2
 .text          0x0200ac3c       0x5c /home/uoftmda/altera/13.1/nios2eds/bin/gnu/H-i686-pc-linux-gnu/bin/../lib/gcc/nios2-elf/4.7.3/mno-hw-mul/libgcc.a(_le_df.o)
                0x0200ac3c                __ledf2
 .text          0x0200ac98       0xd4 /home/uoftmda/altera/13.1/nios2eds/bin/gnu/H-i686-pc-linux-gnu/bin/../lib/gcc/nios2-elf/4.7.3/mno-hw-mul/libgcc.a(_si_to_df.o)
                0x0200ac98                __floatsidf
 .text          0x0200ad6c       0xd4 /home/uoftmda/altera/13.1/nios2eds/bin/gnu/H-i686-pc-linux-gnu/bin/../lib/gcc/nios2-elf/4.7.3/mno-hw-mul/libgcc.a(_df_to_si.o)
                0x0200ad6c                __fixdfsi
 .text          0x0200ae40       0x38 /home/uoftmda/altera/13.1/nios2eds/bin/gnu/H-i686-pc-linux-gnu/bin/../lib/gcc/nios2-elf/4.7.3/mno-hw-mul/libgcc.a(_make_df.o)
                0x0200ae40                __make_dp
 .text          0x0200ae78       0x60 /home/uoftmda/altera/13.1/nios2eds/bin/gnu/H-i686-pc-linux-gnu/bin/../lib/gcc/nios2-elf/4.7.3/mno-hw-mul/libgcc.a(_df_to_sf.o)
                0x0200ae78                __truncdfsf2
 .text          0x0200aed8        0x0 /home/uoftmda/altera/13.1/nios2eds/bin/gnu/H-i686-pc-linux-gnu/bin/../lib/gcc/nios2-elf/4.7.3/mno-hw-mul/libgcc.a(_thenan_df.o)
 .text          0x0200aed8      0x130 /home/uoftmda/altera/13.1/nios2eds/bin/gnu/H-i686-pc-linux-gnu/bin/../lib/gcc/nios2-elf/4.7.3/mno-hw-mul/libgcc.a(lib2-divmod.o)
                0x0200af4c                __divsi3
                0x0200af9c                __modsi3
                0x0200aff8                __udivsi3
                0x0200b000                __umodsi3
 .text          0x0200b008        0x0 /home/uoftmda/altera/13.1/nios2eds/bin/gnu/H-i686-pc-linux-gnu/bin/../lib/gcc/nios2-elf/4.7.3/mno-hw-mul/libgcc.a(lib2-divtable.o)
 .text          0x0200b008       0x28 /home/uoftmda/altera/13.1/nios2eds/bin/gnu/H-i686-pc-linux-gnu/bin/../lib/gcc/nios2-elf/4.7.3/mno-hw-mul/libgcc.a(lib2-mul.o)
                0x0200b008                __mulsi3
 .text          0x0200b030      0x110 /home/uoftmda/altera/13.1/nios2eds/bin/gnu/H-i686-pc-linux-gnu/bin/../lib/gcc/nios2-elf/4.7.3/mno-hw-mul/libgcc.a(_muldi3.o)
                0x0200b030                __muldi3
 .text          0x0200b140       0xac /home/uoftmda/altera/13.1/nios2eds/bin/gnu/H-i686-pc-linux-gnu/bin/../lib/gcc/nios2-elf/4.7.3/mno-hw-mul/libgcc.a(_clzsi2.o)
                0x0200b140                __clzsi2
 .text          0x0200b1ec      0x12c /home/uoftmda/altera/13.1/nios2eds/bin/gnu/H-i686-pc-linux-gnu/bin/../lib/gcc/nios2-elf/4.7.3/mno-hw-mul/libgcc.a(_pack_sf.o)
                0x0200b1ec                __pack_f
 .text          0x0200b318       0xc8 /home/uoftmda/altera/13.1/nios2eds/bin/gnu/H-i686-pc-linux-gnu/bin/../lib/gcc/nios2-elf/4.7.3/mno-hw-mul/libgcc.a(_unpack_sf.o)
                0x0200b318                __unpack_f
 .text          0x0200b3e0       0x2c /home/uoftmda/altera/13.1/nios2eds/bin/gnu/H-i686-pc-linux-gnu/bin/../lib/gcc/nios2-elf/4.7.3/mno-hw-mul/libgcc.a(_make_sf.o)
                0x0200b3e0                __make_fp
 .text          0x0200b40c      0x224 /home/uoftmda/altera/13.1/nios2eds/bin/gnu/H-i686-pc-linux-gnu/bin/../lib/gcc/nios2-elf/4.7.3/mno-hw-mul/libgcc.a(_pack_df.o)
                0x0200b40c                __pack_d
 .text          0x0200b630      0x104 /home/uoftmda/altera/13.1/nios2eds/bin/gnu/H-i686-pc-linux-gnu/bin/../lib/gcc/nios2-elf/4.7.3/mno-hw-mul/libgcc.a(_unpack_df.o)
                0x0200b630                __unpack_d
 .text          0x0200b734       0xd0 /home/uoftmda/altera/13.1/nios2eds/bin/gnu/H-i686-pc-linux-gnu/bin/../lib/gcc/nios2-elf/4.7.3/mno-hw-mul/libgcc.a(_fpcmp_parts_df.o)
                0x0200b734                __fpcmp_parts_d
 .text          0x0200b804       0x44 /home/uoftmda/altera/13.1/nios2eds/bin/gnu/H-i686-pc-linux-gnu/bin/../lib/gcc/nios2-elf/4.7.3/mno-hw-mul/libgcc.a(_lshrdi3.o)
                0x0200b804                __lshrdi3
 .text          0x0200b848       0x44 /home/uoftmda/altera/13.1/nios2eds/bin/gnu/H-i686-pc-linux-gnu/bin/../lib/gcc/nios2-elf/4.7.3/mno-hw-mul/libgcc.a(_ashldi3.o)
                0x0200b848                __ashldi3
 .text          0x0200b88c        0x0 /home/uoftmda/altera/13.1/nios2eds/bin/gnu/H-i686-pc-linux-gnu/bin/../lib/gcc/nios2-elf/4.7.3/mno-hw-mul/libgcc.a(_clz.o)
 .text          0x0200b88c       0x10 /home/uoftmda/altera/13.1/nios2eds/bin/gnu/H-i686-pc-linux-gnu/bin/../lib/gcc/nios2-elf/4.7.3/../../../../../H-i686-pc-linux-gnu/nios2-elf/lib/mno-hw-mul/libc.a(lib_a-errno.o)
                0x0200b88c                __errno
 .text          0x0200b89c        0x0 /home/uoftmda/altera/13.1/nios2eds/bin/gnu/H-i686-pc-linux-gnu/bin/../lib/gcc/nios2-elf/4.7.3/../../../../../H-i686-pc-linux-gnu/nios2-elf/lib/mno-hw-mul/libc.a(lib_a-impure.o)
 .text          0x0200b89c       0x68 /home/uoftmda/altera/13.1/nios2eds/bin/gnu/H-i686-pc-linux-gnu/bin/../lib/gcc/nios2-elf/4.7.3/../../../../../H-i686-pc-linux-gnu/nios2-elf/lib/mno-hw-mul/libc.a(lib_a-printf.o)
                0x0200b89c                _printf_r
                0x0200b8c8                printf
 .text          0x0200b904       0x98 /home/uoftmda/altera/13.1/nios2eds/bin/gnu/H-i686-pc-linux-gnu/bin/../lib/gcc/nios2-elf/4.7.3/../../../../../H-i686-pc-linux-gnu/nios2-elf/lib/mno-hw-mul/libc.a(lib_a-puts.o)
                0x0200b904                _puts_r
                0x0200b988                puts
 .text          0x0200b99c       0xc4 /home/uoftmda/altera/13.1/nios2eds/bin/gnu/H-i686-pc-linux-gnu/bin/../lib/gcc/nios2-elf/4.7.3/../../../../../H-i686-pc-linux-gnu/nios2-elf/lib/mno-hw-mul/libc.a(lib_a-sprintf.o)
                0x0200b99c                _sprintf_r
                0x0200b9f4                sprintf
 .text          0x0200ba60       0xfc /home/uoftmda/altera/13.1/nios2eds/bin/gnu/H-i686-pc-linux-gnu/bin/../lib/gcc/nios2-elf/4.7.3/../../../../../H-i686-pc-linux-gnu/nios2-elf/lib/mno-hw-mul/libc.a(lib_a-sscanf.o)
                0x0200ba68                sscanf
                0x0200bae4                _sscanf_r
 .text          0x0200bb5c       0xa4 /home/uoftmda/altera/13.1/nios2eds/bin/gnu/H-i686-pc-linux-gnu/bin/../lib/gcc/nios2-elf/4.7.3/../../../../../H-i686-pc-linux-gnu/nios2-elf/lib/mno-hw-mul/libc.a(lib_a-strcmp.o)
                0x0200bb5c                strcmp
 .text          0x0200bc00       0x8c /home/uoftmda/altera/13.1/nios2eds/bin/gnu/H-i686-pc-linux-gnu/bin/../lib/gcc/nios2-elf/4.7.3/../../../../../H-i686-pc-linux-gnu/nios2-elf/lib/mno-hw-mul/libc.a(lib_a-strlen.o)
                0x0200bc00                strlen
 .text          0x0200bc8c       0xfc /home/uoftmda/altera/13.1/nios2eds/bin/gnu/H-i686-pc-linux-gnu/bin/../lib/gcc/nios2-elf/4.7.3/../../../../../H-i686-pc-linux-gnu/nios2-elf/lib/mno-hw-mul/libc.a(lib_a-strncmp.o)
                0x0200bc8c                strncmp
 .text          0x0200bd88     0x1ed4 /home/uoftmda/altera/13.1/nios2eds/bin/gnu/H-i686-pc-linux-gnu/bin/../lib/gcc/nios2-elf/4.7.3/../../../../../H-i686-pc-linux-gnu/nios2-elf/lib/mno-hw-mul/libc.a(lib_a-vfprintf.o)
                0x0200bdbc                ___vfprintf_internal_r
                0x0200dc38                __vfprintf_internal
 .text          0x0200dc5c     0x1788 /home/uoftmda/altera/13.1/nios2eds/bin/gnu/H-i686-pc-linux-gnu/bin/../lib/gcc/nios2-elf/4.7.3/../../../../../H-i686-pc-linux-gnu/nios2-elf/lib/mno-hw-mul/libc.a(lib_a-vfscanf.o)
                0x0200dc5c                __svfscanf_r
                0x0200f304                _vfscanf_r
                0x0200f350                __svfscanf
                0x0200f374                vfscanf
 .text          0x0200f3e4      0x174 /home/uoftmda/altera/13.1/nios2eds/bin/gnu/H-i686-pc-linux-gnu/bin/../lib/gcc/nios2-elf/4.7.3/../../../../../H-i686-pc-linux-gnu/nios2-elf/lib/mno-hw-mul/libc.a(lib_a-wsetup.o)
                0x0200f3e4                __swsetup_r
 .text          0x0200f558        0x0 /home/uoftmda/altera/13.1/nios2eds/bin/gnu/H-i686-pc-linux-gnu/bin/../lib/gcc/nios2-elf/4.7.3/../../../../../H-i686-pc-linux-gnu/nios2-elf/lib/mno-hw-mul/libc.a(lib_a-ctype_.o)
 .text          0x0200f558     0x1858 /home/uoftmda/altera/13.1/nios2eds/bin/gnu/H-i686-pc-linux-gnu/bin/../lib/gcc/nios2-elf/4.7.3/../../../../../H-i686-pc-linux-gnu/nios2-elf/lib/mno-hw-mul/libc.a(lib_a-dtoa.o)
                0x0200f794                _dtoa_r
 .text          0x02010db0      0x218 /home/uoftmda/altera/13.1/nios2eds/bin/gnu/H-i686-pc-linux-gnu/bin/../lib/gcc/nios2-elf/4.7.3/../../../../../H-i686-pc-linux-gnu/nios2-elf/lib/mno-hw-mul/libc.a(lib_a-fflush.o)
                0x02010db0                _fflush_r
                0x02010f98                fflush
 .text          0x02010fc8      0x2ec /home/uoftmda/altera/13.1/nios2eds/bin/gnu/H-i686-pc-linux-gnu/bin/../lib/gcc/nios2-elf/4.7.3/../../../../../H-i686-pc-linux-gnu/nios2-elf/lib/mno-hw-mul/libc.a(lib_a-findfp.o)
                0x02010fd8                _cleanup_r
                0x02010fe4                __sfmoreglue
                0x0201105c                _cleanup
                0x0201106c                __sinit
                0x02011178                __sfp
                0x02011274                __sfp_lock_acquire
                0x02011278                __sfp_lock_release
                0x0201127c                __sinit_lock_acquire
                0x02011280                __sinit_lock_release
                0x02011284                __fp_lock_all
                0x0201129c                __fp_unlock_all
 .text          0x020112b4      0x27c /home/uoftmda/altera/13.1/nios2eds/bin/gnu/H-i686-pc-linux-gnu/bin/../lib/gcc/nios2-elf/4.7.3/../../../../../H-i686-pc-linux-gnu/nios2-elf/lib/mno-hw-mul/libc.a(lib_a-fread.o)
                0x020112b4                _fread_r
                0x020114f0                fread
 .text          0x02011530      0x40c /home/uoftmda/altera/13.1/nios2eds/bin/gnu/H-i686-pc-linux-gnu/bin/../lib/gcc/nios2-elf/4.7.3/../../../../../H-i686-pc-linux-gnu/nios2-elf/lib/mno-hw-mul/libc.a(lib_a-freer.o)
                0x02011530                _malloc_trim_r
                0x0201166c                _free_r
 .text          0x0201193c      0x4e4 /home/uoftmda/altera/13.1/nios2eds/bin/gnu/H-i686-pc-linux-gnu/bin/../lib/gcc/nios2-elf/4.7.3/../../../../../H-i686-pc-linux-gnu/nios2-elf/lib/mno-hw-mul/libc.a(lib_a-fvwrite.o)
                0x0201193c                __sfvwrite_r
 .text          0x02011e20      0x160 /home/uoftmda/altera/13.1/nios2eds/bin/gnu/H-i686-pc-linux-gnu/bin/../lib/gcc/nios2-elf/4.7.3/../../../../../H-i686-pc-linux-gnu/nios2-elf/lib/mno-hw-mul/libc.a(lib_a-fwalk.o)
                0x02011e20                _fwalk
                0x02011ec8                _fwalk_reent
 .text          0x02011f80       0x38 /home/uoftmda/altera/13.1/nios2eds/bin/gnu/H-i686-pc-linux-gnu/bin/../lib/gcc/nios2-elf/4.7.3/../../../../../H-i686-pc-linux-gnu/nios2-elf/lib/mno-hw-mul/libc.a(lib_a-iswspace.o)
                0x02011f80                iswspace
 .text          0x02011fb8       0xdc /home/uoftmda/altera/13.1/nios2eds/bin/gnu/H-i686-pc-linux-gnu/bin/../lib/gcc/nios2-elf/4.7.3/../../../../../H-i686-pc-linux-gnu/nios2-elf/lib/mno-hw-mul/libc.a(lib_a-locale.o)
                0x02011fb8                _setlocale_r
                0x02012054                __locale_charset
                0x02012060                _localeconv_r
                0x0201206c                setlocale
                0x02012088                localeconv
 .text          0x02012094      0x1a8 /home/uoftmda/altera/13.1/nios2eds/bin/gnu/H-i686-pc-linux-gnu/bin/../lib/gcc/nios2-elf/4.7.3/../../../../../H-i686-pc-linux-gnu/nios2-elf/lib/mno-hw-mul/libc.a(lib_a-makebuf.o)
                0x02012094                __smakebuf_r
 .text          0x0201223c      0x784 /home/uoftmda/altera/13.1/nios2eds/bin/gnu/H-i686-pc-linux-gnu/bin/../lib/gcc/nios2-elf/4.7.3/../../../../../H-i686-pc-linux-gnu/nios2-elf/lib/mno-hw-mul/libc.a(lib_a-mallocr.o)
                0x0201223c                _malloc_r
 .text          0x020129c0       0xa4 /home/uoftmda/altera/13.1/nios2eds/bin/gnu/H-i686-pc-linux-gnu/bin/../lib/gcc/nios2-elf/4.7.3/../../../../../H-i686-pc-linux-gnu/nios2-elf/lib/mno-hw-mul/libc.a(lib_a-mbrtowc.o)
                0x020129c0                _mbrtowc_r
                0x02012a24                mbrtowc
 .text          0x02012a64       0x44 /home/uoftmda/altera/13.1/nios2eds/bin/gnu/H-i686-pc-linux-gnu/bin/../lib/gcc/nios2-elf/4.7.3/../../../../../H-i686-pc-linux-gnu/nios2-elf/lib/mno-hw-mul/libc.a(lib_a-mbtowc_r.o)
                0x02012a64                _mbtowc_r
 .text          0x02012aa8       0xf8 /home/uoftmda/altera/13.1/nios2eds/bin/gnu/H-i686-pc-linux-gnu/bin/../lib/gcc/nios2-elf/4.7.3/../../../../../H-i686-pc-linux-gnu/nios2-elf/lib/mno-hw-mul/libc.a(lib_a-memchr.o)
                0x02012aa8                memchr
 .text          0x02012ba0      0x140 /home/uoftmda/altera/13.1/nios2eds/bin/gnu/H-i686-pc-linux-gnu/bin/../lib/gcc/nios2-elf/4.7.3/../../../../../H-i686-pc-linux-gnu/nios2-elf/lib/mno-hw-mul/libc.a(lib_a-memcpy.o)
                0x02012ba0                memcpy
 .text          0x02012ce0      0x18c /home/uoftmda/altera/13.1/nios2eds/bin/gnu/H-i686-pc-linux-gnu/bin/../lib/gcc/nios2-elf/4.7.3/../../../../../H-i686-pc-linux-gnu/nios2-elf/lib/mno-hw-mul/libc.a(lib_a-memmove.o)
                0x02012ce0                memmove
 .text          0x02012e6c       0xdc /home/uoftmda/altera/13.1/nios2eds/bin/gnu/H-i686-pc-linux-gnu/bin/../lib/gcc/nios2-elf/4.7.3/../../../../../H-i686-pc-linux-gnu/nios2-elf/lib/mno-hw-mul/libc.a(lib_a-memset.o)
                0x02012e6c                memset
 .text          0x02012f48     0x1050 /home/uoftmda/altera/13.1/nios2eds/bin/gnu/H-i686-pc-linux-gnu/bin/../lib/gcc/nios2-elf/4.7.3/../../../../../H-i686-pc-linux-gnu/nios2-elf/lib/mno-hw-mul/libc.a(lib_a-mprec.o)
                0x02012f48                _Balloc
                0x02012ff0                _Bfree
                0x02013018                __multadd
                0x0201315c                __s2b
                0x02013260                __hi0bits
                0x020132c8                __lo0bits
                0x02013378                __i2b
                0x020133b4                __multiply
                0x0201360c                __pow5mult
                0x02013738                __lshift
                0x02013894                __mcmp
                0x020138ec                __mdiff
                0x02013a94                __ulp
                0x02013af4                __b2d
                0x02013c3c                __d2b
                0x02013d80                __ratio
                0x02013e24                _mprec_log10
                0x02013e98                __copybits
                0x02013f14                __any_on
 .text          0x02013f98      0x5fc /home/uoftmda/altera/13.1/nios2eds/bin/gnu/H-i686-pc-linux-gnu/bin/../lib/gcc/nios2-elf/4.7.3/../../../../../H-i686-pc-linux-gnu/nios2-elf/lib/mno-hw-mul/libc.a(lib_a-reallocr.o)
                0x02013f98                _realloc_r
 .text          0x02014594      0x208 /home/uoftmda/altera/13.1/nios2eds/bin/gnu/H-i686-pc-linux-gnu/bin/../lib/gcc/nios2-elf/4.7.3/../../../../../H-i686-pc-linux-gnu/nios2-elf/lib/mno-hw-mul/libc.a(lib_a-refill.o)
                0x020145b0                __srefill_r
 .text          0x0201479c       0x38 /home/uoftmda/altera/13.1/nios2eds/bin/gnu/H-i686-pc-linux-gnu/bin/../lib/gcc/nios2-elf/4.7.3/../../../../../H-i686-pc-linux-gnu/nios2-elf/lib/mno-hw-mul/libc.a(lib_a-s_isinfd.o)
                0x0201479c                __isinfd
 .text          0x020147d4       0x64 /home/uoftmda/altera/13.1/nios2eds/bin/gnu/H-i686-pc-linux-gnu/bin/../lib/gcc/nios2-elf/4.7.3/../../../../../H-i686-pc-linux-gnu/nios2-elf/lib/mno-hw-mul/libc.a(lib_a-sbrkr.o)
                0x020147d4                _sbrk_r
 .text          0x02014838       0xc4 /home/uoftmda/altera/13.1/nios2eds/bin/gnu/H-i686-pc-linux-gnu/bin/../lib/gcc/nios2-elf/4.7.3/../../../../../H-i686-pc-linux-gnu/nios2-elf/lib/mno-hw-mul/libc.a(lib_a-sccl.o)
                0x02014838                __sccl
 .text          0x020148fc        0x8 /home/uoftmda/altera/13.1/nios2eds/bin/gnu/H-i686-pc-linux-gnu/bin/../lib/gcc/nios2-elf/4.7.3/../../../../../H-i686-pc-linux-gnu/nios2-elf/lib/mno-hw-mul/libc.a(lib_a-sf_nan.o)
                0x020148fc                nanf
 .text          0x02014904      0x140 /home/uoftmda/altera/13.1/nios2eds/bin/gnu/H-i686-pc-linux-gnu/bin/../lib/gcc/nios2-elf/4.7.3/../../../../../H-i686-pc-linux-gnu/nios2-elf/lib/mno-hw-mul/libc.a(lib_a-stdio.o)
                0x02014904                __sread
                0x02014958                __swrite
                0x020149e0                __sseek
                0x02014a3c                __sclose
 .text          0x02014a44     0x1684 /home/uoftmda/altera/13.1/nios2eds/bin/gnu/H-i686-pc-linux-gnu/bin/../lib/gcc/nios2-elf/4.7.3/../../../../../H-i686-pc-linux-gnu/nios2-elf/lib/mno-hw-mul/libc.a(lib_a-strtod.o)
                0x02014a44                _strtod_r
                0x02015f8c                strtod
                0x02015fa8                strtof
 .text          0x020160c8      0x29c /home/uoftmda/altera/13.1/nios2eds/bin/gnu/H-i686-pc-linux-gnu/bin/../lib/gcc/nios2-elf/4.7.3/../../../../../H-i686-pc-linux-gnu/nios2-elf/lib/mno-hw-mul/libc.a(lib_a-strtol.o)
                0x020160c8                _strtol_r
                0x02016340                strtol
 .text          0x02016364      0x330 /home/uoftmda/altera/13.1/nios2eds/bin/gnu/H-i686-pc-linux-gnu/bin/../lib/gcc/nios2-elf/4.7.3/../../../../../H-i686-pc-linux-gnu/nios2-elf/lib/mno-hw-mul/libc.a(lib_a-strtoll_r.o)
                0x02016364                _strtoll_r
 .text          0x02016694      0x2c8 /home/uoftmda/altera/13.1/nios2eds/bin/gnu/H-i686-pc-linux-gnu/bin/../lib/gcc/nios2-elf/4.7.3/../../../../../H-i686-pc-linux-gnu/nios2-elf/lib/mno-hw-mul/libc.a(lib_a-strtoul.o)
                0x02016694                _strtoul_r
                0x02016938                strtoul
 .text          0x0201695c      0x394 /home/uoftmda/altera/13.1/nios2eds/bin/gnu/H-i686-pc-linux-gnu/bin/../lib/gcc/nios2-elf/4.7.3/../../../../../H-i686-pc-linux-gnu/nios2-elf/lib/mno-hw-mul/libc.a(lib_a-strtoull_r.o)
                0x0201695c                _strtoull_r
 .text          0x02016cf0      0x2a8 /home/uoftmda/altera/13.1/nios2eds/bin/gnu/H-i686-pc-linux-gnu/bin/../lib/gcc/nios2-elf/4.7.3/../../../../../H-i686-pc-linux-gnu/nios2-elf/lib/mno-hw-mul/libc.a(lib_a-ungetc.o)
                0x02016cf0                __submore
                0x02016de0                _ungetc_r
                0x02016f7c                ungetc
 .text          0x02016f98       0x6c /home/uoftmda/altera/13.1/nios2eds/bin/gnu/H-i686-pc-linux-gnu/bin/../lib/gcc/nios2-elf/4.7.3/../../../../../H-i686-pc-linux-gnu/nios2-elf/lib/mno-hw-mul/libc.a(lib_a-writer.o)
                0x02016f98                _write_r
 .text          0x02017004       0xcc /home/uoftmda/altera/13.1/nios2eds/bin/gnu/H-i686-pc-linux-gnu/bin/../lib/gcc/nios2-elf/4.7.3/../../../../../H-i686-pc-linux-gnu/nios2-elf/lib/mno-hw-mul/libc.a(lib_a-callocr.o)
                0x02017004                _calloc_r
 .text          0x020170d0       0x64 /home/uoftmda/altera/13.1/nios2eds/bin/gnu/H-i686-pc-linux-gnu/bin/../lib/gcc/nios2-elf/4.7.3/../../../../../H-i686-pc-linux-gnu/nios2-elf/lib/mno-hw-mul/libc.a(lib_a-closer.o)
                0x020170d0                _close_r
 .text          0x02017134      0x150 /home/uoftmda/altera/13.1/nios2eds/bin/gnu/H-i686-pc-linux-gnu/bin/../lib/gcc/nios2-elf/4.7.3/../../../../../H-i686-pc-linux-gnu/nios2-elf/lib/mno-hw-mul/libc.a(lib_a-fclose.o)
                0x02017134                _fclose_r
                0x02017270                fclose
 .text          0x02017284       0x68 /home/uoftmda/altera/13.1/nios2eds/bin/gnu/H-i686-pc-linux-gnu/bin/../lib/gcc/nios2-elf/4.7.3/../../../../../H-i686-pc-linux-gnu/nios2-elf/lib/mno-hw-mul/libc.a(lib_a-fstatr.o)
                0x02017284                _fstat_r
 .text          0x020172ec      0x918 /home/uoftmda/altera/13.1/nios2eds/bin/gnu/H-i686-pc-linux-gnu/bin/../lib/gcc/nios2-elf/4.7.3/../../../../../H-i686-pc-linux-gnu/nios2-elf/lib/mno-hw-mul/libc.a(lib_a-gdtoa-gethex.o)
                0x020173fc                __hexdig_init
                0x0201748c                __gethex
 .text          0x02017c04      0x28c /home/uoftmda/altera/13.1/nios2eds/bin/gnu/H-i686-pc-linux-gnu/bin/../lib/gcc/nios2-elf/4.7.3/../../../../../H-i686-pc-linux-gnu/nios2-elf/lib/mno-hw-mul/libc.a(lib_a-gdtoa-hexnan.o)
                0x02017c04                __hexnan
 .text          0x02017e90        0x0 /home/uoftmda/altera/13.1/nios2eds/bin/gnu/H-i686-pc-linux-gnu/bin/../lib/gcc/nios2-elf/4.7.3/../../../../../H-i686-pc-linux-gnu/nios2-elf/lib/mno-hw-mul/libc.a(lib_a-int_errno.o)
 .text          0x02017e90       0x64 /home/uoftmda/altera/13.1/nios2eds/bin/gnu/H-i686-pc-linux-gnu/bin/../lib/gcc/nios2-elf/4.7.3/../../../../../H-i686-pc-linux-gnu/nios2-elf/lib/mno-hw-mul/libc.a(lib_a-isattyr.o)
                0x02017e90                _isatty_r
 .text          0x02017ef4       0x6c /home/uoftmda/altera/13.1/nios2eds/bin/gnu/H-i686-pc-linux-gnu/bin/../lib/gcc/nios2-elf/4.7.3/../../../../../H-i686-pc-linux-gnu/nios2-elf/lib/mno-hw-mul/libc.a(lib_a-lseekr.o)
                0x02017ef4                _lseek_r
 .text          0x02017f60       0x6c /home/uoftmda/altera/13.1/nios2eds/bin/gnu/H-i686-pc-linux-gnu/bin/../lib/gcc/nios2-elf/4.7.3/../../../../../H-i686-pc-linux-gnu/nios2-elf/lib/mno-hw-mul/libc.a(lib_a-readr.o)
                0x02017f60                _read_r
 .text          0x02017fcc       0x84 /home/uoftmda/altera/13.1/nios2eds/bin/gnu/H-i686-pc-linux-gnu/bin/../lib/gcc/nios2-elf/4.7.3/mno-hw-mul/libgcc.a(_fixunsdfsi.o)
                0x02017fcc                __fixunsdfsi
 .text          0x02018050      0x650 /home/uoftmda/altera/13.1/nios2eds/bin/gnu/H-i686-pc-linux-gnu/bin/../lib/gcc/nios2-elf/4.7.3/mno-hw-mul/libgcc.a(_udivdi3.o)
                0x02018050                __udivdi3
 .text          0x020186a0      0x628 /home/uoftmda/altera/13.1/nios2eds/bin/gnu/H-i686-pc-linux-gnu/bin/../lib/gcc/nios2-elf/4.7.3/mno-hw-mul/libgcc.a(_umoddi3.o)
                0x020186a0                __umoddi3
 .text          0x02018cc8       0x54 /home/uoftmda/altera/13.1/nios2eds/bin/gnu/H-i686-pc-linux-gnu/bin/../lib/gcc/nios2-elf/4.7.3/mno-hw-mul/libgcc.a(_eq_sf.o)
                0x02018cc8                __eqsf2
 .text          0x02018d1c       0x5c /home/uoftmda/altera/13.1/nios2eds/bin/gnu/H-i686-pc-linux-gnu/bin/../lib/gcc/nios2-elf/4.7.3/mno-hw-mul/libgcc.a(_gt_sf.o)
                0x02018d1c                __gtsf2
 .text          0x02018d78       0x54 /home/uoftmda/altera/13.1/nios2eds/bin/gnu/H-i686-pc-linux-gnu/bin/../lib/gcc/nios2-elf/4.7.3/mno-hw-mul/libgcc.a(_lt_sf.o)
                0x02018d78                __ltsf2
 .text          0x02018dcc       0x64 /home/uoftmda/altera/13.1/nios2eds/bin/gnu/H-i686-pc-linux-gnu/bin/../lib/gcc/nios2-elf/4.7.3/mno-hw-mul/libgcc.a(_ge_df.o)
                0x02018dcc                __gedf2
 .text          0x02018e30      0x11c /home/uoftmda/altera/13.1/nios2eds/bin/gnu/H-i686-pc-linux-gnu/bin/../lib/gcc/nios2-elf/4.7.3/mno-hw-mul/libgcc.a(_usi_to_df.o)
                0x02018e30                __floatunsidf
 .text          0x02018f4c       0xbc /home/uoftmda/altera/13.1/nios2eds/bin/gnu/H-i686-pc-linux-gnu/bin/../lib/gcc/nios2-elf/4.7.3/mno-hw-mul/libgcc.a(_fpcmp_parts_sf.o)
                0x02018f4c                __fpcmp_parts_f
 .text          0x02019008      0x11c ../bsp/libhal_bsp.a(alt_close.o)
                0x02019058                close
 .text          0x02019124       0x2c ../bsp/libhal_bsp.a(alt_dev.o)
 .text          0x02019150        0x0 ../bsp/libhal_bsp.a(alt_errno.o)
 .text          0x02019150      0x16c ../bsp/libhal_bsp.a(alt_fcntl.o)
                0x020191a0                fcntl
 .text          0x020192bc      0x100 ../bsp/libhal_bsp.a(alt_fstat.o)
                0x0201930c                fstat
 .text          0x020193bc       0x3c ../bsp/libhal_bsp.a(alt_getchar.o)
                0x020193bc                alt_getchar
 .text          0x020193f8      0x1d8 ../bsp/libhal_bsp.a(alt_iic.o)
                0x020193f8                alt_ic_isr_register
                0x02019448                alt_ic_irq_enable
                0x020194e4                alt_ic_irq_disable
                0x02019584                alt_ic_irq_enabled
 .text          0x020195d0       0xf0 ../bsp/libhal_bsp.a(alt_iic_isr_register.o)
                0x020195d0                alt_iic_isr_register
 .text          0x020196c0        0x0 ../bsp/libhal_bsp.a(alt_irq_entry.o)
 .text          0x020196c0        0x0 ../bsp/libhal_bsp.a(alt_irq_handler.o)
 .text          0x020196c0        0x0 ../bsp/libhal_bsp.a(alt_irq_vars.o)
 .text          0x020196c0       0xf4 ../bsp/libhal_bsp.a(alt_isatty.o)
                0x02019710                isatty
 .text          0x020197b4       0xec ../bsp/libhal_bsp.a(alt_load.o)
                0x02019820                alt_load
 .text          0x020198a0      0x124 ../bsp/libhal_bsp.a(alt_lseek.o)
                0x020198f0                lseek
 .text          0x020199c4       0x78 ../bsp/libhal_bsp.a(alt_main.o)
                0x020199c4                alt_main
 .text          0x02019a3c       0x40 ../bsp/libhal_bsp.a(alt_malloc_lock.o)
                0x02019a3c                __malloc_lock
                0x02019a5c                __malloc_unlock
 .text          0x02019a7c      0x244 ../bsp/libhal_bsp.a(alt_printf.o)
                0x02019a7c                alt_printf
 .text          0x02019cc0       0x44 ../bsp/libhal_bsp.a(alt_putchar.o)
                0x02019cc0                alt_putchar
 .text          0x02019d04       0x44 ../bsp/libhal_bsp.a(alt_putstr.o)
                0x02019d04                alt_putstr
 .text          0x02019d48      0x144 ../bsp/libhal_bsp.a(alt_read.o)
                0x02019d98                read
 .text          0x02019e8c       0x80 ../bsp/libhal_bsp.a(alt_release_fd.o)
                0x02019e8c                alt_release_fd
 .text          0x02019f0c       0xb0 ../bsp/libhal_bsp.a(alt_sbrk.o)
                0x02019f0c                sbrk
 .text          0x02019fbc      0x19c ../bsp/libhal_bsp.a(alt_tick.o)
                0x02019fbc                alt_alarm_stop
                0x0201a054                alt_tick
 .text          0x0201a158       0x30 ../bsp/libhal_bsp.a(alt_usleep.o)
                0x0201a158                usleep
 .text          0x0201a188      0x140 ../bsp/libhal_bsp.a(alt_write.o)
                0x0201a1d8                write
 .text          0x0201a2c8       0xd4 ../bsp/libhal_bsp.a(alt_sys_init.o)
                0x0201a300                alt_irq_init
                0x0201a334                alt_sys_init
 .text          0x0201a39c      0x990 ../bsp/libhal_bsp.a(altera_avalon_epcs_flash_controller.o)
                0x0201a3d4                alt_epcs_flash_init
                0x0201a79c                alt_epcs_flash_write
                0x0201a9fc                alt_epcs_flash_get_info
                0x0201ab1c                alt_epcs_flash_erase_block
                0x0201ab90                alt_epcs_flash_write_block
                0x0201ac94                alt_epcs_flash_read
 .text          0x0201ad2c      0x164 ../bsp/libhal_bsp.a(altera_avalon_jtag_uart_fd.o)
                0x0201ad2c                altera_avalon_jtag_uart_read_fd
                0x0201ad8c                altera_avalon_jtag_uart_write_fd
                0x0201adec                altera_avalon_jtag_uart_close_fd
                0x0201ae3c                altera_avalon_jtag_uart_ioctl_fd
 .text          0x0201ae90      0x3d0 ../bsp/libhal_bsp.a(altera_avalon_jtag_uart_init.o)
                0x0201ae90                altera_avalon_jtag_uart_init
                0x0201b1f8                altera_avalon_jtag_uart_close
 .text          0x0201b260       0xf4 ../bsp/libhal_bsp.a(altera_avalon_jtag_uart_ioctl.o)
                0x0201b260                altera_avalon_jtag_uart_ioctl
 .text          0x0201b354      0x218 ../bsp/libhal_bsp.a(altera_avalon_jtag_uart_read.o)
                0x0201b354                altera_avalon_jtag_uart_read
 .text          0x0201b56c      0x224 ../bsp/libhal_bsp.a(altera_avalon_jtag_uart_write.o)
                0x0201b56c                altera_avalon_jtag_uart_write
 .text          0x0201b790       0xfc ../bsp/libhal_bsp.a(altera_avalon_timer_sc.o)
                0x0201b804                alt_avalon_timer_sc_init
 .text          0x0201b88c      0x624 ../bsp/libhal_bsp.a(epcs_commands.o)
                0x0201b88c                epcs_read_status_register
                0x0201b958                epcs_sector_erase
                0x0201ba50                epcs_read_buffer
                0x0201bb44                epcs_write_enable
                0x0201bb94                epcs_write_status_register
                0x0201bbfc                epcs_write_buffer
                0x0201bd18                epcs_read_electronic_signature
                0x0201bd80                epcs_read_device_id
                0x0201be00                epcs_enter_4_bytes_mode
                0x0201be58                epcs_exit_4_bytes_mode
 .text          0x0201beb0      0x140 ../bsp/libhal_bsp.a(alt_alarm_start.o)
                0x0201beb0                alt_alarm_start
 .text          0x0201bff0      0x154 ../bsp/libhal_bsp.a(alt_busy_sleep.o)
                0x0201bff0                alt_busy_sleep
 .text          0x0201c144       0x1c ../bsp/libhal_bsp.a(alt_dcache_flush_all.o)
                0x0201c144                alt_dcache_flush_all
 .text          0x0201c160       0xf0 ../bsp/libhal_bsp.a(alt_dev_llist_insert.o)
                0x0201c1b0                alt_dev_llist_insert
 .text          0x0201c250       0x5c ../bsp/libhal_bsp.a(alt_do_ctors.o)
                0x0201c250                _do_ctors
 .text          0x0201c2ac       0x5c ../bsp/libhal_bsp.a(alt_do_dtors.o)
                0x0201c2ac                _do_dtors
 .text          0x0201c308        0x0 ../bsp/libhal_bsp.a(alt_exception_entry.o)
 .text          0x0201c308       0xb8 ../bsp/libhal_bsp.a(alt_flash_dev.o)
                0x0201c308                alt_flash_open_dev
                0x0201c370                alt_flash_close_dev
 .text          0x0201c3c0       0x1c ../bsp/libhal_bsp.a(alt_icache_flush_all.o)
                0x0201c3c0                alt_icache_flush_all
 .text          0x0201c3dc      0x158 ../bsp/libhal_bsp.a(alt_io_redirect.o)
                0x0201c4bc                alt_io_redirect
 .text          0x0201c534      0x298 ../bsp/libhal_bsp.a(alt_open.o)
                0x0201c674                open
 .text          0x0201c7cc       0x20 ../bsp/libhal_bsp.a(altera_nios2_qsys_irq.o)
                0x0201c7cc                altera_nios2_qsys_irq_init
 .text          0x0201c7ec      0x208 ../bsp/libhal_bsp.a(altera_avalon_spi.o)
                0x0201c7ec                alt_avalon_spi_command
 .text          0x0201c9f4       0x90 ../bsp/libhal_bsp.a(alt_find_dev.o)
                0x0201c9f4                alt_find_dev
 .text          0x0201ca84      0x114 ../bsp/libhal_bsp.a(alt_find_file.o)
                0x0201ca84                alt_find_file
 .text          0x0201cb98       0xd4 ../bsp/libhal_bsp.a(alt_get_fd.o)
                0x0201cb98                alt_get_fd
 .text          0x0201cc6c       0x14 /home/uoftmda/altera/13.1/nios2eds/bin/gnu/H-i686-pc-linux-gnu/bin/../lib/gcc/nios2-elf/4.7.3/../../../../../H-i686-pc-linux-gnu/nios2-elf/lib/mno-hw-mul/libc.a(lib_a-atexit.o)
                0x0201cc6c                atexit
 .text          0x0201cc80       0x38 /home/uoftmda/altera/13.1/nios2eds/bin/gnu/H-i686-pc-linux-gnu/bin/../lib/gcc/nios2-elf/4.7.3/../../../../../H-i686-pc-linux-gnu/nios2-elf/lib/mno-hw-mul/libc.a(lib_a-exit.o)
                0x0201cc80                exit
 .text          0x0201ccb8       0x90 /home/uoftmda/altera/13.1/nios2eds/bin/gnu/H-i686-pc-linux-gnu/bin/../lib/gcc/nios2-elf/4.7.3/../../../../../H-i686-pc-linux-gnu/nios2-elf/lib/mno-hw-mul/libc.a(lib_a-fputs.o)
                0x0201ccb8                _fputs_r
                0x0201cd2c                fputs
 .text          0x0201cd48       0xf8 /home/uoftmda/altera/13.1/nios2eds/bin/gnu/H-i686-pc-linux-gnu/bin/../lib/gcc/nios2-elf/4.7.3/../../../../../H-i686-pc-linux-gnu/nios2-elf/lib/mno-hw-mul/libc.a(lib_a-getc.o)
                0x0201cd48                _getc_r
                0x0201cdb8                getc
 .text          0x0201ce40       0x7c /home/uoftmda/altera/13.1/nios2eds/bin/gnu/H-i686-pc-linux-gnu/bin/../lib/gcc/nios2-elf/4.7.3/../../../../../H-i686-pc-linux-gnu/nios2-elf/lib/mno-hw-mul/libc.a(lib_a-memcmp.o)
                0x0201ce40                memcmp
 .text          0x0201cebc      0x1ac /home/uoftmda/altera/13.1/nios2eds/bin/gnu/H-i686-pc-linux-gnu/bin/../lib/gcc/nios2-elf/4.7.3/../../../../../H-i686-pc-linux-gnu/nios2-elf/lib/mno-hw-mul/libc.a(lib_a-putc.o)
                0x0201cebc                _putc_r
                0x0201cf78                putc
 .text          0x0201d068       0x60 /home/uoftmda/altera/13.1/nios2eds/bin/gnu/H-i686-pc-linux-gnu/bin/../lib/gcc/nios2-elf/4.7.3/../../../../../H-i686-pc-linux-gnu/nios2-elf/lib/mno-hw-mul/libc.a(lib_a-rget.o)
                0x0201d068                __srget_r
                0x0201d0b4                __srget
 .text          0x0201d0c8      0x158 /home/uoftmda/altera/13.1/nios2eds/bin/gnu/H-i686-pc-linux-gnu/bin/../lib/gcc/nios2-elf/4.7.3/../../../../../H-i686-pc-linux-gnu/nios2-elf/lib/mno-hw-mul/libc.a(lib_a-wbuf.o)
                0x0201d0c8                __swbuf_r
                0x0201d204                __swbuf
 .text          0x0201d220      0x130 /home/uoftmda/altera/13.1/nios2eds/bin/gnu/H-i686-pc-linux-gnu/bin/../lib/gcc/nios2-elf/4.7.3/../../../../../H-i686-pc-linux-gnu/nios2-elf/lib/mno-hw-mul/libc.a(lib_a-__atexit.o)
                0x0201d220                __register_exitproc
 .text          0x0201d350      0x1a0 /home/uoftmda/altera/13.1/nios2eds/bin/gnu/H-i686-pc-linux-gnu/bin/../lib/gcc/nios2-elf/4.7.3/../../../../../H-i686-pc-linux-gnu/nios2-elf/lib/mno-hw-mul/libc.a(lib_a-__call_atexit.o)
                0x0201d350                __call_exitprocs
 .text          0x0201d4f0       0x3c ../bsp/libhal_bsp.a(alt_exit.o)
                0x0201d4f0                _exit
 *(.gnu.warning.*)
 *(.fini)
                0x0201d52c                PROVIDE (__etext, ABSOLUTE (.))
                0x0201d52c                PROVIDE (_etext, ABSOLUTE (.))
                0x0201d52c                PROVIDE (etext, ABSOLUTE (.))
 *(.eh_frame_hdr)
                0x0201d52c                . = ALIGN (0x4)
                0x0201d52c                PROVIDE (__preinit_array_start, ABSOLUTE (.))
 *(.preinit_array)
                0x0201d52c                PROVIDE (__preinit_array_end, ABSOLUTE (.))
                0x0201d52c                PROVIDE (__init_array_start, ABSOLUTE (.))
 *(.init_array)
                0x0201d52c                PROVIDE (__init_array_end, ABSOLUTE (.))
                0x0201d52c                PROVIDE (__fini_array_start, ABSOLUTE (.))
 *(.fini_array)
                0x0201d52c                PROVIDE (__fini_array_end, ABSOLUTE (.))
 *(.eh_frame)
 *(.gcc_except_table .gcc_except_table.*)
 *(.dynamic)
                0x0201d52c                PROVIDE (__CTOR_LIST__, ABSOLUTE (.))
 *(.ctors)
 *(SORT(.ctors.*))
                0x0201d52c                PROVIDE (__CTOR_END__, ABSOLUTE (.))
                0x0201d52c                PROVIDE (__DTOR_LIST__, ABSOLUTE (.))
 *(.dtors)
 *(SORT(.dtors.*))
                0x0201d52c                PROVIDE (__DTOR_END__, ABSOLUTE (.))
 *(.jcr)
                0x0201d52c                . = ALIGN (0x4)

.rodata         0x0201d52c     0x126c
                0x0201d52c                PROVIDE (__ram_rodata_start, ABSOLUTE (.))
                0x0201d52c                . = ALIGN (0x4)
 *(.rodata .rodata.* .gnu.linkonce.r.*)
 .rodata.str1.4
                0x0201d52c       0x4b obj/default/src/controller.o
                                 0x4c (size before relaxing)
 *fill*         0x0201d577        0x1 
 .rodata.str1.4
                0x0201d578       0xd8 obj/default/src/interrupts.o
 .rodata.str1.4
                0x0201d650      0x9ff obj/default/src/main.o
                                0xa00 (size before relaxing)
 *fill*         0x0201e04f        0x1 
 .rodata.str1.4
                0x0201e050       0x65 obj/default/src/rs232.o
                                 0x68 (size before relaxing)
 *fill*         0x0201e0b5        0x3 
 .rodata.str1.4
                0x0201e0b8        0x3 obj/default/src/utils.o
                                  0x4 (size before relaxing)
 *fill*         0x0201e0bb        0x1 
 .rodata.str1.4
                0x0201e0bc        0x5 /home/uoftmda/altera/13.1/nios2eds/bin/gnu/H-i686-pc-linux-gnu/bin/../lib/gcc/nios2-elf/4.7.3/../../../../../H-i686-pc-linux-gnu/nios2-elf/lib/mno-hw-mul/libm.a(lib_a-w_fmod.o)
                                  0x8 (size before relaxing)
 *fill*         0x0201e0c1        0x3 
 .rodata.str1.4
                0x0201e0c4        0x4 /home/uoftmda/altera/13.1/nios2eds/bin/gnu/H-i686-pc-linux-gnu/bin/../lib/gcc/nios2-elf/4.7.3/../../../../../H-i686-pc-linux-gnu/nios2-elf/lib/mno-hw-mul/libm.a(lib_a-w_pow.o)
 .rodata.str1.4
                0x0201e0c8        0x5 /home/uoftmda/altera/13.1/nios2eds/bin/gnu/H-i686-pc-linux-gnu/bin/../lib/gcc/nios2-elf/4.7.3/../../../../../H-i686-pc-linux-gnu/nios2-elf/lib/mno-hw-mul/libm.a(lib_a-w_sqrt.o)
                                  0x8 (size before relaxing)
 *fill*         0x0201e0cd        0x3 
 .rodata        0x0201e0d0       0x10 /home/uoftmda/altera/13.1/nios2eds/bin/gnu/H-i686-pc-linux-gnu/bin/../lib/gcc/nios2-elf/4.7.3/../../../../../H-i686-pc-linux-gnu/nios2-elf/lib/mno-hw-mul/libm.a(lib_a-e_fmod.o)
 .rodata.str1.4
                0x00000000        0x5 /home/uoftmda/altera/13.1/nios2eds/bin/gnu/H-i686-pc-linux-gnu/bin/../lib/gcc/nios2-elf/4.7.3/../../../../../H-i686-pc-linux-gnu/nios2-elf/lib/mno-hw-mul/libm.a(lib_a-e_pow.o)
                                  0x4 (size before relaxing)
 .rodata        0x0201e0e0       0x30 /home/uoftmda/altera/13.1/nios2eds/bin/gnu/H-i686-pc-linux-gnu/bin/../lib/gcc/nios2-elf/4.7.3/../../../../../H-i686-pc-linux-gnu/nios2-elf/lib/mno-hw-mul/libm.a(lib_a-e_pow.o)
 .rodata        0x0201e110       0x40 /home/uoftmda/altera/13.1/nios2eds/bin/gnu/H-i686-pc-linux-gnu/bin/../lib/gcc/nios2-elf/4.7.3/../../../../../H-i686-pc-linux-gnu/nios2-elf/lib/mno-hw-mul/libm.a(lib_a-s_atan.o)
 .rodata        0x0201e150       0x10 /home/uoftmda/altera/13.1/nios2eds/bin/gnu/H-i686-pc-linux-gnu/bin/../lib/gcc/nios2-elf/4.7.3/../../../../../H-i686-pc-linux-gnu/nios2-elf/lib/mno-hw-mul/libm.a(lib_a-s_rint.o)
 .rodata        0x0201e160       0x10 /home/uoftmda/altera/13.1/nios2eds/bin/gnu/H-i686-pc-linux-gnu/bin/../lib/gcc/nios2-elf/4.7.3/mno-hw-mul/libgcc.a(_thenan_sf.o)
                0x0201e160                __thenan_sf
 .rodata        0x0201e170       0x14 /home/uoftmda/altera/13.1/nios2eds/bin/gnu/H-i686-pc-linux-gnu/bin/../lib/gcc/nios2-elf/4.7.3/mno-hw-mul/libgcc.a(_thenan_df.o)
                0x0201e170                __thenan_df
 .rodata        0x0201e184      0x100 /home/uoftmda/altera/13.1/nios2eds/bin/gnu/H-i686-pc-linux-gnu/bin/../lib/gcc/nios2-elf/4.7.3/mno-hw-mul/libgcc.a(_clz.o)
                0x0201e184                __clz_tab
 .rodata.str1.4
                0x0201e284        0x2 /home/uoftmda/altera/13.1/nios2eds/bin/gnu/H-i686-pc-linux-gnu/bin/../lib/gcc/nios2-elf/4.7.3/../../../../../H-i686-pc-linux-gnu/nios2-elf/lib/mno-hw-mul/libc.a(lib_a-impure.o)
                                  0x4 (size before relaxing)
 .rodata.str1.4
                0x00000000        0x2 /home/uoftmda/altera/13.1/nios2eds/bin/gnu/H-i686-pc-linux-gnu/bin/../lib/gcc/nios2-elf/4.7.3/../../../../../H-i686-pc-linux-gnu/nios2-elf/lib/mno-hw-mul/libc.a(lib_a-puts.o)
                                  0x4 (size before relaxing)
 *fill*         0x0201e286        0x2 
 .rodata.str1.4
                0x0201e288       0x42 /home/uoftmda/altera/13.1/nios2eds/bin/gnu/H-i686-pc-linux-gnu/bin/../lib/gcc/nios2-elf/4.7.3/../../../../../H-i686-pc-linux-gnu/nios2-elf/lib/mno-hw-mul/libc.a(lib_a-vfprintf.o)
                                 0x44 (size before relaxing)
 .rodata        0x0201e2ca       0x20 /home/uoftmda/altera/13.1/nios2eds/bin/gnu/H-i686-pc-linux-gnu/bin/../lib/gcc/nios2-elf/4.7.3/../../../../../H-i686-pc-linux-gnu/nios2-elf/lib/mno-hw-mul/libc.a(lib_a-vfprintf.o)
 *fill*         0x0201e2ea        0x2 
 .rodata.str1.4
                0x0201e2ec        0x5 /home/uoftmda/altera/13.1/nios2eds/bin/gnu/H-i686-pc-linux-gnu/bin/../lib/gcc/nios2-elf/4.7.3/../../../../../H-i686-pc-linux-gnu/nios2-elf/lib/mno-hw-mul/libc.a(lib_a-vfscanf.o)
                                  0x8 (size before relaxing)
 *fill*         0x0201e2f1        0x1 
 .rodata        0x0201e2f2       0x22 /home/uoftmda/altera/13.1/nios2eds/bin/gnu/H-i686-pc-linux-gnu/bin/../lib/gcc/nios2-elf/4.7.3/../../../../../H-i686-pc-linux-gnu/nios2-elf/lib/mno-hw-mul/libc.a(lib_a-vfscanf.o)
 .rodata        0x0201e314      0x281 /home/uoftmda/altera/13.1/nios2eds/bin/gnu/H-i686-pc-linux-gnu/bin/../lib/gcc/nios2-elf/4.7.3/../../../../../H-i686-pc-linux-gnu/nios2-elf/lib/mno-hw-mul/libc.a(lib_a-ctype_.o)
                0x0201e314                _ctype_
 *fill*         0x0201e595        0x3 
 .rodata.str1.4
                0x0201e598       0x10 /home/uoftmda/altera/13.1/nios2eds/bin/gnu/H-i686-pc-linux-gnu/bin/../lib/gcc/nios2-elf/4.7.3/../../../../../H-i686-pc-linux-gnu/nios2-elf/lib/mno-hw-mul/libc.a(lib_a-dtoa.o)
                                 0x14 (size before relaxing)
 .rodata.str1.4
                0x0201e5a8        0xe /home/uoftmda/altera/13.1/nios2eds/bin/gnu/H-i686-pc-linux-gnu/bin/../lib/gcc/nios2-elf/4.7.3/../../../../../H-i686-pc-linux-gnu/nios2-elf/lib/mno-hw-mul/libc.a(lib_a-locale.o)
                                 0x18 (size before relaxing)
 *fill*         0x0201e5b6        0x2 
 .rodata        0x0201e5b8       0x30 /home/uoftmda/altera/13.1/nios2eds/bin/gnu/H-i686-pc-linux-gnu/bin/../lib/gcc/nios2-elf/4.7.3/../../../../../H-i686-pc-linux-gnu/nios2-elf/lib/mno-hw-mul/libc.a(lib_a-locale.o)
 .rodata.str1.4
                0x00000000        0x4 /home/uoftmda/altera/13.1/nios2eds/bin/gnu/H-i686-pc-linux-gnu/bin/../lib/gcc/nios2-elf/4.7.3/../../../../../H-i686-pc-linux-gnu/nios2-elf/lib/mno-hw-mul/libc.a(lib_a-mbrtowc.o)
 .rodata        0x0201e5e8      0x124 /home/uoftmda/altera/13.1/nios2eds/bin/gnu/H-i686-pc-linux-gnu/bin/../lib/gcc/nios2-elf/4.7.3/../../../../../H-i686-pc-linux-gnu/nios2-elf/lib/mno-hw-mul/libc.a(lib_a-mprec.o)
                0x0201e5e8                __mprec_tinytens
                0x0201e610                __mprec_bigtens
                0x0201e638                __mprec_tens
 .rodata.str1.4
                0x0201e70c        0xf /home/uoftmda/altera/13.1/nios2eds/bin/gnu/H-i686-pc-linux-gnu/bin/../lib/gcc/nios2-elf/4.7.3/../../../../../H-i686-pc-linux-gnu/nios2-elf/lib/mno-hw-mul/libc.a(lib_a-strtod.o)
                                 0x10 (size before relaxing)
 *fill*         0x0201e71b        0x1 
 .rodata        0x0201e71c       0x28 /home/uoftmda/altera/13.1/nios2eds/bin/gnu/H-i686-pc-linux-gnu/bin/../lib/gcc/nios2-elf/4.7.3/../../../../../H-i686-pc-linux-gnu/nios2-elf/lib/mno-hw-mul/libc.a(lib_a-strtod.o)
 .rodata.str1.4
                0x0201e744       0x1c /home/uoftmda/altera/13.1/nios2eds/bin/gnu/H-i686-pc-linux-gnu/bin/../lib/gcc/nios2-elf/4.7.3/../../../../../H-i686-pc-linux-gnu/nios2-elf/lib/mno-hw-mul/libc.a(lib_a-gdtoa-gethex.o)
 .rodata        0x0201e760        0xc ../bsp/libhal_bsp.a(alt_dev.o)
 .rodata        0x0201e76c       0x10 ../bsp/libhal_bsp.a(alt_main.o)
 .rodata        0x0201e77c       0x1c ../bsp/libhal_bsp.a(alt_sys_init.o)
 *(.rodata1)
                0x0201e798                . = ALIGN (0x4)
                0x0201e798                PROVIDE (__ram_rodata_end, ABSOLUTE (.))
                0x0201d52c                PROVIDE (__flash_rodata_start, LOADADDR (.rodata))

.rwdata         0x0201e798     0x1d84 load address 0x0202051c
                0x0201e798                PROVIDE (__ram_rwdata_start, ABSOLUTE (.))
                0x0201e798                . = ALIGN (0x4)
 *(.got.plt)
 *(.got)
 *(.data1)
 *(.data .data.* .gnu.linkonce.d.*)
 .data          0x0201e798        0x0 ../bsp/obj/HAL/src/crt0.o
 .data          0x0201e798        0x0 obj/default/src/accelerometer_adxl345_spi.o
 .data          0x0201e798        0x0 obj/default/src/controller.o
 .data          0x0201e798        0x0 obj/default/src/interrupts.o
 .data          0x0201e798      0x120 obj/default/src/main.o
                0x0201e798                my_cmds
 .data          0x0201e8b8        0x0 obj/default/src/pid.o
 .data          0x0201e8b8        0x0 obj/default/src/pwm_force.o
 .data          0x0201e8b8        0x0 obj/default/src/rs232.o
 .data          0x0201e8b8        0x0 obj/default/src/terasic_spi.o
 .data          0x0201e8b8        0x0 obj/default/src/utils.o
 .data          0x0201e8b8        0x0 /home/uoftmda/altera/13.1/nios2eds/bin/gnu/H-i686-pc-linux-gnu/bin/../lib/gcc/nios2-elf/4.7.3/../../../../../H-i686-pc-linux-gnu/nios2-elf/lib/mno-hw-mul/libm.a(lib_a-w_atan2.o)
 .data          0x0201e8b8        0x0 /home/uoftmda/altera/13.1/nios2eds/bin/gnu/H-i686-pc-linux-gnu/bin/../lib/gcc/nios2-elf/4.7.3/../../../../../H-i686-pc-linux-gnu/nios2-elf/lib/mno-hw-mul/libm.a(lib_a-w_fmod.o)
 .data          0x0201e8b8        0x0 /home/uoftmda/altera/13.1/nios2eds/bin/gnu/H-i686-pc-linux-gnu/bin/../lib/gcc/nios2-elf/4.7.3/../../../../../H-i686-pc-linux-gnu/nios2-elf/lib/mno-hw-mul/libm.a(lib_a-w_pow.o)
 .data          0x0201e8b8        0x0 /home/uoftmda/altera/13.1/nios2eds/bin/gnu/H-i686-pc-linux-gnu/bin/../lib/gcc/nios2-elf/4.7.3/../../../../../H-i686-pc-linux-gnu/nios2-elf/lib/mno-hw-mul/libm.a(lib_a-w_sqrt.o)
 .data          0x0201e8b8        0x0 /home/uoftmda/altera/13.1/nios2eds/bin/gnu/H-i686-pc-linux-gnu/bin/../lib/gcc/nios2-elf/4.7.3/../../../../../H-i686-pc-linux-gnu/nios2-elf/lib/mno-hw-mul/libm.a(lib_a-e_atan2.o)
 .data          0x0201e8b8        0x0 /home/uoftmda/altera/13.1/nios2eds/bin/gnu/H-i686-pc-linux-gnu/bin/../lib/gcc/nios2-elf/4.7.3/../../../../../H-i686-pc-linux-gnu/nios2-elf/lib/mno-hw-mul/libm.a(lib_a-e_fmod.o)
 .data          0x0201e8b8        0x0 /home/uoftmda/altera/13.1/nios2eds/bin/gnu/H-i686-pc-linux-gnu/bin/../lib/gcc/nios2-elf/4.7.3/../../../../../H-i686-pc-linux-gnu/nios2-elf/lib/mno-hw-mul/libm.a(lib_a-e_pow.o)
 .data          0x0201e8b8        0x0 /home/uoftmda/altera/13.1/nios2eds/bin/gnu/H-i686-pc-linux-gnu/bin/../lib/gcc/nios2-elf/4.7.3/../../../../../H-i686-pc-linux-gnu/nios2-elf/lib/mno-hw-mul/libm.a(lib_a-e_sqrt.o)
 .data          0x0201e8b8        0x0 /home/uoftmda/altera/13.1/nios2eds/bin/gnu/H-i686-pc-linux-gnu/bin/../lib/gcc/nios2-elf/4.7.3/../../../../../H-i686-pc-linux-gnu/nios2-elf/lib/mno-hw-mul/libm.a(lib_a-s_atan.o)
 .data          0x0201e8b8        0x0 /home/uoftmda/altera/13.1/nios2eds/bin/gnu/H-i686-pc-linux-gnu/bin/../lib/gcc/nios2-elf/4.7.3/../../../../../H-i686-pc-linux-gnu/nios2-elf/lib/mno-hw-mul/libm.a(lib_a-s_fabs.o)
 .data          0x0201e8b8        0x0 /home/uoftmda/altera/13.1/nios2eds/bin/gnu/H-i686-pc-linux-gnu/bin/../lib/gcc/nios2-elf/4.7.3/../../../../../H-i686-pc-linux-gnu/nios2-elf/lib/mno-hw-mul/libm.a(lib_a-s_finite.o)
 .data          0x0201e8b8        0x0 /home/uoftmda/altera/13.1/nios2eds/bin/gnu/H-i686-pc-linux-gnu/bin/../lib/gcc/nios2-elf/4.7.3/../../../../../H-i686-pc-linux-gnu/nios2-elf/lib/mno-hw-mul/libm.a(lib_a-s_isnand.o)
 .data          0x0201e8b8        0x0 /home/uoftmda/altera/13.1/nios2eds/bin/gnu/H-i686-pc-linux-gnu/bin/../lib/gcc/nios2-elf/4.7.3/../../../../../H-i686-pc-linux-gnu/nios2-elf/lib/mno-hw-mul/libm.a(lib_a-s_lib_ver.o)
 .data          0x0201e8b8        0x0 /home/uoftmda/altera/13.1/nios2eds/bin/gnu/H-i686-pc-linux-gnu/bin/../lib/gcc/nios2-elf/4.7.3/../../../../../H-i686-pc-linux-gnu/nios2-elf/lib/mno-hw-mul/libm.a(lib_a-s_matherr.o)
 .data          0x0201e8b8        0x0 /home/uoftmda/altera/13.1/nios2eds/bin/gnu/H-i686-pc-linux-gnu/bin/../lib/gcc/nios2-elf/4.7.3/../../../../../H-i686-pc-linux-gnu/nios2-elf/lib/mno-hw-mul/libm.a(lib_a-s_nan.o)
 .data          0x0201e8b8        0x0 /home/uoftmda/altera/13.1/nios2eds/bin/gnu/H-i686-pc-linux-gnu/bin/../lib/gcc/nios2-elf/4.7.3/../../../../../H-i686-pc-linux-gnu/nios2-elf/lib/mno-hw-mul/libm.a(lib_a-s_rint.o)
 .data          0x0201e8b8        0x0 /home/uoftmda/altera/13.1/nios2eds/bin/gnu/H-i686-pc-linux-gnu/bin/../lib/gcc/nios2-elf/4.7.3/../../../../../H-i686-pc-linux-gnu/nios2-elf/lib/mno-hw-mul/libm.a(lib_a-s_scalbn.o)
 .data          0x0201e8b8        0x0 /home/uoftmda/altera/13.1/nios2eds/bin/gnu/H-i686-pc-linux-gnu/bin/../lib/gcc/nios2-elf/4.7.3/../../../../../H-i686-pc-linux-gnu/nios2-elf/lib/mno-hw-mul/libm.a(lib_a-s_copysign.o)
 .data          0x0201e8b8        0x0 /home/uoftmda/altera/13.1/nios2eds/bin/gnu/H-i686-pc-linux-gnu/bin/../lib/gcc/nios2-elf/4.7.3/mno-hw-mul/libgcc.a(_div_sf.o)
 .data          0x0201e8b8        0x0 /home/uoftmda/altera/13.1/nios2eds/bin/gnu/H-i686-pc-linux-gnu/bin/../lib/gcc/nios2-elf/4.7.3/mno-hw-mul/libgcc.a(_sf_to_si.o)
 .data          0x0201e8b8        0x0 /home/uoftmda/altera/13.1/nios2eds/bin/gnu/H-i686-pc-linux-gnu/bin/../lib/gcc/nios2-elf/4.7.3/mno-hw-mul/libgcc.a(_sf_to_df.o)
 .data          0x0201e8b8        0x0 /home/uoftmda/altera/13.1/nios2eds/bin/gnu/H-i686-pc-linux-gnu/bin/../lib/gcc/nios2-elf/4.7.3/mno-hw-mul/libgcc.a(_thenan_sf.o)
 .data          0x0201e8b8        0x0 /home/uoftmda/altera/13.1/nios2eds/bin/gnu/H-i686-pc-linux-gnu/bin/../lib/gcc/nios2-elf/4.7.3/mno-hw-mul/libgcc.a(_addsub_df.o)
 .data          0x0201e8b8        0x0 /home/uoftmda/altera/13.1/nios2eds/bin/gnu/H-i686-pc-linux-gnu/bin/../lib/gcc/nios2-elf/4.7.3/mno-hw-mul/libgcc.a(_mul_df.o)
 .data          0x0201e8b8        0x0 /home/uoftmda/altera/13.1/nios2eds/bin/gnu/H-i686-pc-linux-gnu/bin/../lib/gcc/nios2-elf/4.7.3/mno-hw-mul/libgcc.a(_div_df.o)
 .data          0x0201e8b8        0x0 /home/uoftmda/altera/13.1/nios2eds/bin/gnu/H-i686-pc-linux-gnu/bin/../lib/gcc/nios2-elf/4.7.3/mno-hw-mul/libgcc.a(_eq_df.o)
 .data          0x0201e8b8        0x0 /home/uoftmda/altera/13.1/nios2eds/bin/gnu/H-i686-pc-linux-gnu/bin/../lib/gcc/nios2-elf/4.7.3/mno-hw-mul/libgcc.a(_ne_df.o)
 .data          0x0201e8b8        0x0 /home/uoftmda/altera/13.1/nios2eds/bin/gnu/H-i686-pc-linux-gnu/bin/../lib/gcc/nios2-elf/4.7.3/mno-hw-mul/libgcc.a(_gt_df.o)
 .data          0x0201e8b8        0x0 /home/uoftmda/altera/13.1/nios2eds/bin/gnu/H-i686-pc-linux-gnu/bin/../lib/gcc/nios2-elf/4.7.3/mno-hw-mul/libgcc.a(_lt_df.o)
 .data          0x0201e8b8        0x0 /home/uoftmda/altera/13.1/nios2eds/bin/gnu/H-i686-pc-linux-gnu/bin/../lib/gcc/nios2-elf/4.7.3/mno-hw-mul/libgcc.a(_le_df.o)
 .data          0x0201e8b8        0x0 /home/uoftmda/altera/13.1/nios2eds/bin/gnu/H-i686-pc-linux-gnu/bin/../lib/gcc/nios2-elf/4.7.3/mno-hw-mul/libgcc.a(_si_to_df.o)
 .data          0x0201e8b8        0x0 /home/uoftmda/altera/13.1/nios2eds/bin/gnu/H-i686-pc-linux-gnu/bin/../lib/gcc/nios2-elf/4.7.3/mno-hw-mul/libgcc.a(_df_to_si.o)
 .data          0x0201e8b8        0x0 /home/uoftmda/altera/13.1/nios2eds/bin/gnu/H-i686-pc-linux-gnu/bin/../lib/gcc/nios2-elf/4.7.3/mno-hw-mul/libgcc.a(_make_df.o)
 .data          0x0201e8b8        0x0 /home/uoftmda/altera/13.1/nios2eds/bin/gnu/H-i686-pc-linux-gnu/bin/../lib/gcc/nios2-elf/4.7.3/mno-hw-mul/libgcc.a(_df_to_sf.o)
 .data          0x0201e8b8        0x0 /home/uoftmda/altera/13.1/nios2eds/bin/gnu/H-i686-pc-linux-gnu/bin/../lib/gcc/nios2-elf/4.7.3/mno-hw-mul/libgcc.a(_thenan_df.o)
 .data          0x0201e8b8        0x0 /home/uoftmda/altera/13.1/nios2eds/bin/gnu/H-i686-pc-linux-gnu/bin/../lib/gcc/nios2-elf/4.7.3/mno-hw-mul/libgcc.a(lib2-divmod.o)
 .data          0x0201e8b8      0x100 /home/uoftmda/altera/13.1/nios2eds/bin/gnu/H-i686-pc-linux-gnu/bin/../lib/gcc/nios2-elf/4.7.3/mno-hw-mul/libgcc.a(lib2-divtable.o)
                0x0201e8b8                __divsi3_table
 .data          0x0201e9b8        0x0 /home/uoftmda/altera/13.1/nios2eds/bin/gnu/H-i686-pc-linux-gnu/bin/../lib/gcc/nios2-elf/4.7.3/mno-hw-mul/libgcc.a(lib2-mul.o)
 .data          0x0201e9b8        0x0 /home/uoftmda/altera/13.1/nios2eds/bin/gnu/H-i686-pc-linux-gnu/bin/../lib/gcc/nios2-elf/4.7.3/mno-hw-mul/libgcc.a(_muldi3.o)
 .data          0x0201e9b8        0x0 /home/uoftmda/altera/13.1/nios2eds/bin/gnu/H-i686-pc-linux-gnu/bin/../lib/gcc/nios2-elf/4.7.3/mno-hw-mul/libgcc.a(_clzsi2.o)
 .data          0x0201e9b8        0x0 /home/uoftmda/altera/13.1/nios2eds/bin/gnu/H-i686-pc-linux-gnu/bin/../lib/gcc/nios2-elf/4.7.3/mno-hw-mul/libgcc.a(_pack_sf.o)
 .data          0x0201e9b8        0x0 /home/uoftmda/altera/13.1/nios2eds/bin/gnu/H-i686-pc-linux-gnu/bin/../lib/gcc/nios2-elf/4.7.3/mno-hw-mul/libgcc.a(_unpack_sf.o)
 .data          0x0201e9b8        0x0 /home/uoftmda/altera/13.1/nios2eds/bin/gnu/H-i686-pc-linux-gnu/bin/../lib/gcc/nios2-elf/4.7.3/mno-hw-mul/libgcc.a(_make_sf.o)
 .data          0x0201e9b8        0x0 /home/uoftmda/altera/13.1/nios2eds/bin/gnu/H-i686-pc-linux-gnu/bin/../lib/gcc/nios2-elf/4.7.3/mno-hw-mul/libgcc.a(_pack_df.o)
 .data          0x0201e9b8        0x0 /home/uoftmda/altera/13.1/nios2eds/bin/gnu/H-i686-pc-linux-gnu/bin/../lib/gcc/nios2-elf/4.7.3/mno-hw-mul/libgcc.a(_unpack_df.o)
 .data          0x0201e9b8        0x0 /home/uoftmda/altera/13.1/nios2eds/bin/gnu/H-i686-pc-linux-gnu/bin/../lib/gcc/nios2-elf/4.7.3/mno-hw-mul/libgcc.a(_fpcmp_parts_df.o)
 .data          0x0201e9b8        0x0 /home/uoftmda/altera/13.1/nios2eds/bin/gnu/H-i686-pc-linux-gnu/bin/../lib/gcc/nios2-elf/4.7.3/mno-hw-mul/libgcc.a(_lshrdi3.o)
 .data          0x0201e9b8        0x0 /home/uoftmda/altera/13.1/nios2eds/bin/gnu/H-i686-pc-linux-gnu/bin/../lib/gcc/nios2-elf/4.7.3/mno-hw-mul/libgcc.a(_ashldi3.o)
 .data          0x0201e9b8        0x0 /home/uoftmda/altera/13.1/nios2eds/bin/gnu/H-i686-pc-linux-gnu/bin/../lib/gcc/nios2-elf/4.7.3/mno-hw-mul/libgcc.a(_clz.o)
 .data          0x0201e9b8        0x0 /home/uoftmda/altera/13.1/nios2eds/bin/gnu/H-i686-pc-linux-gnu/bin/../lib/gcc/nios2-elf/4.7.3/../../../../../H-i686-pc-linux-gnu/nios2-elf/lib/mno-hw-mul/libc.a(lib_a-errno.o)
 .data          0x0201e9b8      0x400 /home/uoftmda/altera/13.1/nios2eds/bin/gnu/H-i686-pc-linux-gnu/bin/../lib/gcc/nios2-elf/4.7.3/../../../../../H-i686-pc-linux-gnu/nios2-elf/lib/mno-hw-mul/libc.a(lib_a-impure.o)
 .data          0x0201edb8        0x0 /home/uoftmda/altera/13.1/nios2eds/bin/gnu/H-i686-pc-linux-gnu/bin/../lib/gcc/nios2-elf/4.7.3/../../../../../H-i686-pc-linux-gnu/nios2-elf/lib/mno-hw-mul/libc.a(lib_a-printf.o)
 .data          0x0201edb8        0x0 /home/uoftmda/altera/13.1/nios2eds/bin/gnu/H-i686-pc-linux-gnu/bin/../lib/gcc/nios2-elf/4.7.3/../../../../../H-i686-pc-linux-gnu/nios2-elf/lib/mno-hw-mul/libc.a(lib_a-puts.o)
 .data          0x0201edb8        0x0 /home/uoftmda/altera/13.1/nios2eds/bin/gnu/H-i686-pc-linux-gnu/bin/../lib/gcc/nios2-elf/4.7.3/../../../../../H-i686-pc-linux-gnu/nios2-elf/lib/mno-hw-mul/libc.a(lib_a-sprintf.o)
 .data          0x0201edb8        0x0 /home/uoftmda/altera/13.1/nios2eds/bin/gnu/H-i686-pc-linux-gnu/bin/../lib/gcc/nios2-elf/4.7.3/../../../../../H-i686-pc-linux-gnu/nios2-elf/lib/mno-hw-mul/libc.a(lib_a-sscanf.o)
 .data          0x0201edb8        0x0 /home/uoftmda/altera/13.1/nios2eds/bin/gnu/H-i686-pc-linux-gnu/bin/../lib/gcc/nios2-elf/4.7.3/../../../../../H-i686-pc-linux-gnu/nios2-elf/lib/mno-hw-mul/libc.a(lib_a-strcmp.o)
 .data          0x0201edb8        0x0 /home/uoftmda/altera/13.1/nios2eds/bin/gnu/H-i686-pc-linux-gnu/bin/../lib/gcc/nios2-elf/4.7.3/../../../../../H-i686-pc-linux-gnu/nios2-elf/lib/mno-hw-mul/libc.a(lib_a-strlen.o)
 .data          0x0201edb8        0x0 /home/uoftmda/altera/13.1/nios2eds/bin/gnu/H-i686-pc-linux-gnu/bin/../lib/gcc/nios2-elf/4.7.3/../../../../../H-i686-pc-linux-gnu/nios2-elf/lib/mno-hw-mul/libc.a(lib_a-strncmp.o)
 .data          0x0201edb8        0x0 /home/uoftmda/altera/13.1/nios2eds/bin/gnu/H-i686-pc-linux-gnu/bin/../lib/gcc/nios2-elf/4.7.3/../../../../../H-i686-pc-linux-gnu/nios2-elf/lib/mno-hw-mul/libc.a(lib_a-vfprintf.o)
 .data          0x0201edb8        0x0 /home/uoftmda/altera/13.1/nios2eds/bin/gnu/H-i686-pc-linux-gnu/bin/../lib/gcc/nios2-elf/4.7.3/../../../../../H-i686-pc-linux-gnu/nios2-elf/lib/mno-hw-mul/libc.a(lib_a-vfscanf.o)
 .data          0x0201edb8        0x0 /home/uoftmda/altera/13.1/nios2eds/bin/gnu/H-i686-pc-linux-gnu/bin/../lib/gcc/nios2-elf/4.7.3/../../../../../H-i686-pc-linux-gnu/nios2-elf/lib/mno-hw-mul/libc.a(lib_a-wsetup.o)
 .data          0x0201edb8        0x0 /home/uoftmda/altera/13.1/nios2eds/bin/gnu/H-i686-pc-linux-gnu/bin/../lib/gcc/nios2-elf/4.7.3/../../../../../H-i686-pc-linux-gnu/nios2-elf/lib/mno-hw-mul/libc.a(lib_a-ctype_.o)
 .data          0x0201edb8        0x0 /home/uoftmda/altera/13.1/nios2eds/bin/gnu/H-i686-pc-linux-gnu/bin/../lib/gcc/nios2-elf/4.7.3/../../../../../H-i686-pc-linux-gnu/nios2-elf/lib/mno-hw-mul/libc.a(lib_a-dtoa.o)
 .data          0x0201edb8        0x0 /home/uoftmda/altera/13.1/nios2eds/bin/gnu/H-i686-pc-linux-gnu/bin/../lib/gcc/nios2-elf/4.7.3/../../../../../H-i686-pc-linux-gnu/nios2-elf/lib/mno-hw-mul/libc.a(lib_a-fflush.o)
 .data          0x0201edb8        0x0 /home/uoftmda/altera/13.1/nios2eds/bin/gnu/H-i686-pc-linux-gnu/bin/../lib/gcc/nios2-elf/4.7.3/../../../../../H-i686-pc-linux-gnu/nios2-elf/lib/mno-hw-mul/libc.a(lib_a-findfp.o)
 .data          0x0201edb8        0x0 /home/uoftmda/altera/13.1/nios2eds/bin/gnu/H-i686-pc-linux-gnu/bin/../lib/gcc/nios2-elf/4.7.3/../../../../../H-i686-pc-linux-gnu/nios2-elf/lib/mno-hw-mul/libc.a(lib_a-fread.o)
 .data          0x0201edb8        0x0 /home/uoftmda/altera/13.1/nios2eds/bin/gnu/H-i686-pc-linux-gnu/bin/../lib/gcc/nios2-elf/4.7.3/../../../../../H-i686-pc-linux-gnu/nios2-elf/lib/mno-hw-mul/libc.a(lib_a-freer.o)
 .data          0x0201edb8        0x0 /home/uoftmda/altera/13.1/nios2eds/bin/gnu/H-i686-pc-linux-gnu/bin/../lib/gcc/nios2-elf/4.7.3/../../../../../H-i686-pc-linux-gnu/nios2-elf/lib/mno-hw-mul/libc.a(lib_a-fvwrite.o)
 .data          0x0201edb8        0x0 /home/uoftmda/altera/13.1/nios2eds/bin/gnu/H-i686-pc-linux-gnu/bin/../lib/gcc/nios2-elf/4.7.3/../../../../../H-i686-pc-linux-gnu/nios2-elf/lib/mno-hw-mul/libc.a(lib_a-fwalk.o)
 .data          0x0201edb8        0x0 /home/uoftmda/altera/13.1/nios2eds/bin/gnu/H-i686-pc-linux-gnu/bin/../lib/gcc/nios2-elf/4.7.3/../../../../../H-i686-pc-linux-gnu/nios2-elf/lib/mno-hw-mul/libc.a(lib_a-iswspace.o)
 .data          0x0201edb8        0xc /home/uoftmda/altera/13.1/nios2eds/bin/gnu/H-i686-pc-linux-gnu/bin/../lib/gcc/nios2-elf/4.7.3/../../../../../H-i686-pc-linux-gnu/nios2-elf/lib/mno-hw-mul/libc.a(lib_a-locale.o)
                0x0201edb8                __lc_ctype
 .data          0x0201edc4        0x0 /home/uoftmda/altera/13.1/nios2eds/bin/gnu/H-i686-pc-linux-gnu/bin/../lib/gcc/nios2-elf/4.7.3/../../../../../H-i686-pc-linux-gnu/nios2-elf/lib/mno-hw-mul/libc.a(lib_a-makebuf.o)
 .data          0x0201edc4      0x408 /home/uoftmda/altera/13.1/nios2eds/bin/gnu/H-i686-pc-linux-gnu/bin/../lib/gcc/nios2-elf/4.7.3/../../../../../H-i686-pc-linux-gnu/nios2-elf/lib/mno-hw-mul/libc.a(lib_a-mallocr.o)
                0x0201edc4                __malloc_av_
 .data          0x0201f1cc        0x0 /home/uoftmda/altera/13.1/nios2eds/bin/gnu/H-i686-pc-linux-gnu/bin/../lib/gcc/nios2-elf/4.7.3/../../../../../H-i686-pc-linux-gnu/nios2-elf/lib/mno-hw-mul/libc.a(lib_a-mbrtowc.o)
 .data          0x0201f1cc        0x0 /home/uoftmda/altera/13.1/nios2eds/bin/gnu/H-i686-pc-linux-gnu/bin/../lib/gcc/nios2-elf/4.7.3/../../../../../H-i686-pc-linux-gnu/nios2-elf/lib/mno-hw-mul/libc.a(lib_a-mbtowc_r.o)
 .data          0x0201f1cc        0x0 /home/uoftmda/altera/13.1/nios2eds/bin/gnu/H-i686-pc-linux-gnu/bin/../lib/gcc/nios2-elf/4.7.3/../../../../../H-i686-pc-linux-gnu/nios2-elf/lib/mno-hw-mul/libc.a(lib_a-memchr.o)
 .data          0x0201f1cc        0x0 /home/uoftmda/altera/13.1/nios2eds/bin/gnu/H-i686-pc-linux-gnu/bin/../lib/gcc/nios2-elf/4.7.3/../../../../../H-i686-pc-linux-gnu/nios2-elf/lib/mno-hw-mul/libc.a(lib_a-memcpy.o)
 .data          0x0201f1cc        0x0 /home/uoftmda/altera/13.1/nios2eds/bin/gnu/H-i686-pc-linux-gnu/bin/../lib/gcc/nios2-elf/4.7.3/../../../../../H-i686-pc-linux-gnu/nios2-elf/lib/mno-hw-mul/libc.a(lib_a-memmove.o)
 .data          0x0201f1cc        0x0 /home/uoftmda/altera/13.1/nios2eds/bin/gnu/H-i686-pc-linux-gnu/bin/../lib/gcc/nios2-elf/4.7.3/../../../../../H-i686-pc-linux-gnu/nios2-elf/lib/mno-hw-mul/libc.a(lib_a-memset.o)
 .data          0x0201f1cc        0x0 /home/uoftmda/altera/13.1/nios2eds/bin/gnu/H-i686-pc-linux-gnu/bin/../lib/gcc/nios2-elf/4.7.3/../../../../../H-i686-pc-linux-gnu/nios2-elf/lib/mno-hw-mul/libc.a(lib_a-mprec.o)
 .data          0x0201f1cc        0x0 /home/uoftmda/altera/13.1/nios2eds/bin/gnu/H-i686-pc-linux-gnu/bin/../lib/gcc/nios2-elf/4.7.3/../../../../../H-i686-pc-linux-gnu/nios2-elf/lib/mno-hw-mul/libc.a(lib_a-reallocr.o)
 .data          0x0201f1cc        0x0 /home/uoftmda/altera/13.1/nios2eds/bin/gnu/H-i686-pc-linux-gnu/bin/../lib/gcc/nios2-elf/4.7.3/../../../../../H-i686-pc-linux-gnu/nios2-elf/lib/mno-hw-mul/libc.a(lib_a-refill.o)
 .data          0x0201f1cc        0x0 /home/uoftmda/altera/13.1/nios2eds/bin/gnu/H-i686-pc-linux-gnu/bin/../lib/gcc/nios2-elf/4.7.3/../../../../../H-i686-pc-linux-gnu/nios2-elf/lib/mno-hw-mul/libc.a(lib_a-s_isinfd.o)
 .data          0x0201f1cc        0x0 /home/uoftmda/altera/13.1/nios2eds/bin/gnu/H-i686-pc-linux-gnu/bin/../lib/gcc/nios2-elf/4.7.3/../../../../../H-i686-pc-linux-gnu/nios2-elf/lib/mno-hw-mul/libc.a(lib_a-sbrkr.o)
 .data          0x0201f1cc        0x0 /home/uoftmda/altera/13.1/nios2eds/bin/gnu/H-i686-pc-linux-gnu/bin/../lib/gcc/nios2-elf/4.7.3/../../../../../H-i686-pc-linux-gnu/nios2-elf/lib/mno-hw-mul/libc.a(lib_a-sccl.o)
 .data          0x0201f1cc        0x0 /home/uoftmda/altera/13.1/nios2eds/bin/gnu/H-i686-pc-linux-gnu/bin/../lib/gcc/nios2-elf/4.7.3/../../../../../H-i686-pc-linux-gnu/nios2-elf/lib/mno-hw-mul/libc.a(lib_a-sf_nan.o)
 .data          0x0201f1cc        0x0 /home/uoftmda/altera/13.1/nios2eds/bin/gnu/H-i686-pc-linux-gnu/bin/../lib/gcc/nios2-elf/4.7.3/../../../../../H-i686-pc-linux-gnu/nios2-elf/lib/mno-hw-mul/libc.a(lib_a-stdio.o)
 .data          0x0201f1cc       0x28 /home/uoftmda/altera/13.1/nios2eds/bin/gnu/H-i686-pc-linux-gnu/bin/../lib/gcc/nios2-elf/4.7.3/../../../../../H-i686-pc-linux-gnu/nios2-elf/lib/mno-hw-mul/libc.a(lib_a-strtod.o)
 .data          0x0201f1f4        0x0 /home/uoftmda/altera/13.1/nios2eds/bin/gnu/H-i686-pc-linux-gnu/bin/../lib/gcc/nios2-elf/4.7.3/../../../../../H-i686-pc-linux-gnu/nios2-elf/lib/mno-hw-mul/libc.a(lib_a-strtol.o)
 .data          0x0201f1f4        0x0 /home/uoftmda/altera/13.1/nios2eds/bin/gnu/H-i686-pc-linux-gnu/bin/../lib/gcc/nios2-elf/4.7.3/../../../../../H-i686-pc-linux-gnu/nios2-elf/lib/mno-hw-mul/libc.a(lib_a-strtoll_r.o)
 .data          0x0201f1f4        0x0 /home/uoftmda/altera/13.1/nios2eds/bin/gnu/H-i686-pc-linux-gnu/bin/../lib/gcc/nios2-elf/4.7.3/../../../../../H-i686-pc-linux-gnu/nios2-elf/lib/mno-hw-mul/libc.a(lib_a-strtoul.o)
 .data          0x0201f1f4        0x0 /home/uoftmda/altera/13.1/nios2eds/bin/gnu/H-i686-pc-linux-gnu/bin/../lib/gcc/nios2-elf/4.7.3/../../../../../H-i686-pc-linux-gnu/nios2-elf/lib/mno-hw-mul/libc.a(lib_a-strtoull_r.o)
 .data          0x0201f1f4        0x0 /home/uoftmda/altera/13.1/nios2eds/bin/gnu/H-i686-pc-linux-gnu/bin/../lib/gcc/nios2-elf/4.7.3/../../../../../H-i686-pc-linux-gnu/nios2-elf/lib/mno-hw-mul/libc.a(lib_a-ungetc.o)
 .data          0x0201f1f4        0x0 /home/uoftmda/altera/13.1/nios2eds/bin/gnu/H-i686-pc-linux-gnu/bin/../lib/gcc/nios2-elf/4.7.3/../../../../../H-i686-pc-linux-gnu/nios2-elf/lib/mno-hw-mul/libc.a(lib_a-writer.o)
 .data          0x0201f1f4        0x0 /home/uoftmda/altera/13.1/nios2eds/bin/gnu/H-i686-pc-linux-gnu/bin/../lib/gcc/nios2-elf/4.7.3/../../../../../H-i686-pc-linux-gnu/nios2-elf/lib/mno-hw-mul/libc.a(lib_a-callocr.o)
 .data          0x0201f1f4        0x0 /home/uoftmda/altera/13.1/nios2eds/bin/gnu/H-i686-pc-linux-gnu/bin/../lib/gcc/nios2-elf/4.7.3/../../../../../H-i686-pc-linux-gnu/nios2-elf/lib/mno-hw-mul/libc.a(lib_a-closer.o)
 .data          0x0201f1f4        0x0 /home/uoftmda/altera/13.1/nios2eds/bin/gnu/H-i686-pc-linux-gnu/bin/../lib/gcc/nios2-elf/4.7.3/../../../../../H-i686-pc-linux-gnu/nios2-elf/lib/mno-hw-mul/libc.a(lib_a-fclose.o)
 .data          0x0201f1f4        0x0 /home/uoftmda/altera/13.1/nios2eds/bin/gnu/H-i686-pc-linux-gnu/bin/../lib/gcc/nios2-elf/4.7.3/../../../../../H-i686-pc-linux-gnu/nios2-elf/lib/mno-hw-mul/libc.a(lib_a-fstatr.o)
 .data          0x0201f1f4        0x0 /home/uoftmda/altera/13.1/nios2eds/bin/gnu/H-i686-pc-linux-gnu/bin/../lib/gcc/nios2-elf/4.7.3/../../../../../H-i686-pc-linux-gnu/nios2-elf/lib/mno-hw-mul/libc.a(lib_a-gdtoa-gethex.o)
 .data          0x0201f1f4        0x0 /home/uoftmda/altera/13.1/nios2eds/bin/gnu/H-i686-pc-linux-gnu/bin/../lib/gcc/nios2-elf/4.7.3/../../../../../H-i686-pc-linux-gnu/nios2-elf/lib/mno-hw-mul/libc.a(lib_a-gdtoa-hexnan.o)
 .data          0x0201f1f4        0x0 /home/uoftmda/altera/13.1/nios2eds/bin/gnu/H-i686-pc-linux-gnu/bin/../lib/gcc/nios2-elf/4.7.3/../../../../../H-i686-pc-linux-gnu/nios2-elf/lib/mno-hw-mul/libc.a(lib_a-int_errno.o)
 .data          0x0201f1f4        0x0 /home/uoftmda/altera/13.1/nios2eds/bin/gnu/H-i686-pc-linux-gnu/bin/../lib/gcc/nios2-elf/4.7.3/../../../../../H-i686-pc-linux-gnu/nios2-elf/lib/mno-hw-mul/libc.a(lib_a-isattyr.o)
 .data          0x0201f1f4        0x0 /home/uoftmda/altera/13.1/nios2eds/bin/gnu/H-i686-pc-linux-gnu/bin/../lib/gcc/nios2-elf/4.7.3/../../../../../H-i686-pc-linux-gnu/nios2-elf/lib/mno-hw-mul/libc.a(lib_a-lseekr.o)
 .data          0x0201f1f4        0x0 /home/uoftmda/altera/13.1/nios2eds/bin/gnu/H-i686-pc-linux-gnu/bin/../lib/gcc/nios2-elf/4.7.3/../../../../../H-i686-pc-linux-gnu/nios2-elf/lib/mno-hw-mul/libc.a(lib_a-readr.o)
 .data          0x0201f1f4        0x0 /home/uoftmda/altera/13.1/nios2eds/bin/gnu/H-i686-pc-linux-gnu/bin/../lib/gcc/nios2-elf/4.7.3/mno-hw-mul/libgcc.a(_fixunsdfsi.o)
 .data          0x0201f1f4        0x0 /home/uoftmda/altera/13.1/nios2eds/bin/gnu/H-i686-pc-linux-gnu/bin/../lib/gcc/nios2-elf/4.7.3/mno-hw-mul/libgcc.a(_udivdi3.o)
 .data          0x0201f1f4        0x0 /home/uoftmda/altera/13.1/nios2eds/bin/gnu/H-i686-pc-linux-gnu/bin/../lib/gcc/nios2-elf/4.7.3/mno-hw-mul/libgcc.a(_umoddi3.o)
 .data          0x0201f1f4        0x0 /home/uoftmda/altera/13.1/nios2eds/bin/gnu/H-i686-pc-linux-gnu/bin/../lib/gcc/nios2-elf/4.7.3/mno-hw-mul/libgcc.a(_eq_sf.o)
 .data          0x0201f1f4        0x0 /home/uoftmda/altera/13.1/nios2eds/bin/gnu/H-i686-pc-linux-gnu/bin/../lib/gcc/nios2-elf/4.7.3/mno-hw-mul/libgcc.a(_gt_sf.o)
 .data          0x0201f1f4        0x0 /home/uoftmda/altera/13.1/nios2eds/bin/gnu/H-i686-pc-linux-gnu/bin/../lib/gcc/nios2-elf/4.7.3/mno-hw-mul/libgcc.a(_lt_sf.o)
 .data          0x0201f1f4        0x0 /home/uoftmda/altera/13.1/nios2eds/bin/gnu/H-i686-pc-linux-gnu/bin/../lib/gcc/nios2-elf/4.7.3/mno-hw-mul/libgcc.a(_ge_df.o)
 .data          0x0201f1f4        0x0 /home/uoftmda/altera/13.1/nios2eds/bin/gnu/H-i686-pc-linux-gnu/bin/../lib/gcc/nios2-elf/4.7.3/mno-hw-mul/libgcc.a(_usi_to_df.o)
 .data          0x0201f1f4        0x0 /home/uoftmda/altera/13.1/nios2eds/bin/gnu/H-i686-pc-linux-gnu/bin/../lib/gcc/nios2-elf/4.7.3/mno-hw-mul/libgcc.a(_fpcmp_parts_sf.o)
 .data          0x0201f1f4        0x0 ../bsp/libhal_bsp.a(alt_close.o)
 .data          0x0201f1f4      0x1a8 ../bsp/libhal_bsp.a(alt_dev.o)
                0x0201f1f4                alt_dev_null
                0x0201f21c                alt_fd_list
 .data          0x0201f39c        0x0 ../bsp/libhal_bsp.a(alt_errno.o)
 .data          0x0201f39c        0x0 ../bsp/libhal_bsp.a(alt_fcntl.o)
 .data          0x0201f39c        0x0 ../bsp/libhal_bsp.a(alt_fstat.o)
 .data          0x0201f39c        0x0 ../bsp/libhal_bsp.a(alt_getchar.o)
 .data          0x0201f39c        0x0 ../bsp/libhal_bsp.a(alt_iic.o)
 .data          0x0201f39c        0x0 ../bsp/libhal_bsp.a(alt_iic_isr_register.o)
 .data          0x0201f39c        0x0 ../bsp/libhal_bsp.a(alt_irq_entry.o)
 .data          0x0201f39c        0x0 ../bsp/libhal_bsp.a(alt_irq_handler.o)
 .data          0x0201f39c        0x0 ../bsp/libhal_bsp.a(alt_irq_vars.o)
 .data          0x0201f39c        0x0 ../bsp/libhal_bsp.a(alt_isatty.o)
 .data          0x0201f39c        0x0 ../bsp/libhal_bsp.a(alt_load.o)
 .data          0x0201f39c        0x0 ../bsp/libhal_bsp.a(alt_lseek.o)
 .data          0x0201f39c        0x0 ../bsp/libhal_bsp.a(alt_main.o)
 .data          0x0201f39c        0x0 ../bsp/libhal_bsp.a(alt_malloc_lock.o)
 .data          0x0201f39c        0x0 ../bsp/libhal_bsp.a(alt_printf.o)
 .data          0x0201f39c        0x0 ../bsp/libhal_bsp.a(alt_putchar.o)
 .data          0x0201f39c        0x0 ../bsp/libhal_bsp.a(alt_putstr.o)
 .data          0x0201f39c        0x0 ../bsp/libhal_bsp.a(alt_read.o)
 .data          0x0201f39c        0x0 ../bsp/libhal_bsp.a(alt_release_fd.o)
 .data          0x0201f39c        0x0 ../bsp/libhal_bsp.a(alt_sbrk.o)
 .data          0x0201f39c        0x0 ../bsp/libhal_bsp.a(alt_tick.o)
 .data          0x0201f39c        0x0 ../bsp/libhal_bsp.a(alt_usleep.o)
 .data          0x0201f39c        0x0 ../bsp/libhal_bsp.a(alt_write.o)
 .data          0x0201f39c     0x1128 ../bsp/libhal_bsp.a(alt_sys_init.o)
 .data          0x020204c4        0x0 ../bsp/libhal_bsp.a(altera_avalon_epcs_flash_controller.o)
 .data          0x020204c4        0x0 ../bsp/libhal_bsp.a(altera_avalon_jtag_uart_fd.o)
 .data          0x020204c4        0x0 ../bsp/libhal_bsp.a(altera_avalon_jtag_uart_init.o)
 .data          0x020204c4        0x0 ../bsp/libhal_bsp.a(altera_avalon_jtag_uart_ioctl.o)
 .data          0x020204c4        0x0 ../bsp/libhal_bsp.a(altera_avalon_jtag_uart_read.o)
 .data          0x020204c4        0x0 ../bsp/libhal_bsp.a(altera_avalon_jtag_uart_write.o)
 .data          0x020204c4        0x0 ../bsp/libhal_bsp.a(altera_avalon_timer_sc.o)
 .data          0x020204c4        0x0 ../bsp/libhal_bsp.a(epcs_commands.o)
 .data          0x020204c4        0x0 ../bsp/libhal_bsp.a(alt_alarm_start.o)
 .data          0x020204c4        0x0 ../bsp/libhal_bsp.a(alt_busy_sleep.o)
 .data          0x020204c4        0x0 ../bsp/libhal_bsp.a(alt_dcache_flush_all.o)
 .data          0x020204c4        0x0 ../bsp/libhal_bsp.a(alt_dev_llist_insert.o)
 .data          0x020204c4        0x0 ../bsp/libhal_bsp.a(alt_do_ctors.o)
 .data          0x020204c4        0x0 ../bsp/libhal_bsp.a(alt_do_dtors.o)
 .data          0x020204c4        0x0 ../bsp/libhal_bsp.a(alt_exception_entry.o)
 .data          0x020204c4        0x0 ../bsp/libhal_bsp.a(alt_flash_dev.o)
 .data          0x020204c4        0x0 ../bsp/libhal_bsp.a(alt_icache_flush_all.o)
 .data          0x020204c4        0x0 ../bsp/libhal_bsp.a(alt_io_redirect.o)
 .data          0x020204c4        0x0 ../bsp/libhal_bsp.a(alt_open.o)
 .data          0x020204c4        0x0 ../bsp/libhal_bsp.a(altera_nios2_qsys_irq.o)
 .data          0x020204c4        0x0 ../bsp/libhal_bsp.a(altera_avalon_spi.o)
 .data          0x020204c4        0x0 ../bsp/libhal_bsp.a(alt_find_dev.o)
 .data          0x020204c4        0x0 ../bsp/libhal_bsp.a(alt_find_file.o)
 .data          0x020204c4        0x0 ../bsp/libhal_bsp.a(alt_get_fd.o)
 .data          0x020204c4        0x0 /home/uoftmda/altera/13.1/nios2eds/bin/gnu/H-i686-pc-linux-gnu/bin/../lib/gcc/nios2-elf/4.7.3/../../../../../H-i686-pc-linux-gnu/nios2-elf/lib/mno-hw-mul/libc.a(lib_a-atexit.o)
 .data          0x020204c4        0x0 /home/uoftmda/altera/13.1/nios2eds/bin/gnu/H-i686-pc-linux-gnu/bin/../lib/gcc/nios2-elf/4.7.3/../../../../../H-i686-pc-linux-gnu/nios2-elf/lib/mno-hw-mul/libc.a(lib_a-exit.o)
 .data          0x020204c4        0x0 /home/uoftmda/altera/13.1/nios2eds/bin/gnu/H-i686-pc-linux-gnu/bin/../lib/gcc/nios2-elf/4.7.3/../../../../../H-i686-pc-linux-gnu/nios2-elf/lib/mno-hw-mul/libc.a(lib_a-fputs.o)
 .data          0x020204c4        0x0 /home/uoftmda/altera/13.1/nios2eds/bin/gnu/H-i686-pc-linux-gnu/bin/../lib/gcc/nios2-elf/4.7.3/../../../../../H-i686-pc-linux-gnu/nios2-elf/lib/mno-hw-mul/libc.a(lib_a-getc.o)
 .data          0x020204c4        0x0 /home/uoftmda/altera/13.1/nios2eds/bin/gnu/H-i686-pc-linux-gnu/bin/../lib/gcc/nios2-elf/4.7.3/../../../../../H-i686-pc-linux-gnu/nios2-elf/lib/mno-hw-mul/libc.a(lib_a-memcmp.o)
 .data          0x020204c4        0x0 /home/uoftmda/altera/13.1/nios2eds/bin/gnu/H-i686-pc-linux-gnu/bin/../lib/gcc/nios2-elf/4.7.3/../../../../../H-i686-pc-linux-gnu/nios2-elf/lib/mno-hw-mul/libc.a(lib_a-putc.o)
 .data          0x020204c4        0x0 /home/uoftmda/altera/13.1/nios2eds/bin/gnu/H-i686-pc-linux-gnu/bin/../lib/gcc/nios2-elf/4.7.3/../../../../../H-i686-pc-linux-gnu/nios2-elf/lib/mno-hw-mul/libc.a(lib_a-rget.o)
 .data          0x020204c4        0x0 /home/uoftmda/altera/13.1/nios2eds/bin/gnu/H-i686-pc-linux-gnu/bin/../lib/gcc/nios2-elf/4.7.3/../../../../../H-i686-pc-linux-gnu/nios2-elf/lib/mno-hw-mul/libc.a(lib_a-wbuf.o)
 .data          0x020204c4        0x0 /home/uoftmda/altera/13.1/nios2eds/bin/gnu/H-i686-pc-linux-gnu/bin/../lib/gcc/nios2-elf/4.7.3/../../../../../H-i686-pc-linux-gnu/nios2-elf/lib/mno-hw-mul/libc.a(lib_a-__atexit.o)
 .data          0x020204c4        0x0 /home/uoftmda/altera/13.1/nios2eds/bin/gnu/H-i686-pc-linux-gnu/bin/../lib/gcc/nios2-elf/4.7.3/../../../../../H-i686-pc-linux-gnu/nios2-elf/lib/mno-hw-mul/libc.a(lib_a-__call_atexit.o)
 .data          0x020204c4        0x0 ../bsp/libhal_bsp.a(alt_exit.o)
                0x020284c4                _gp = ABSOLUTE ((. + 0x8000))
                0x020284c4                PROVIDE (gp, _gp)
 *(.rwdata .rwdata.*)
 *(.sdata .sdata.* .gnu.linkonce.s.*)
 .sdata         0x020204c4        0x4 obj/default/src/main.o
                0x020204c4                cmd_len
 .sdata         0x020204c8        0x4 obj/default/src/rs232.o
                0x020204c8                checksum_mode
 .sdata         0x020204cc        0x4 obj/default/src/utils.o
                0x020204cc                pwm_period
 .sdata         0x020204d0        0x4 /home/uoftmda/altera/13.1/nios2eds/bin/gnu/H-i686-pc-linux-gnu/bin/../lib/gcc/nios2-elf/4.7.3/../../../../../H-i686-pc-linux-gnu/nios2-elf/lib/mno-hw-mul/libm.a(lib_a-s_lib_ver.o)
                0x020204d0                __fdlib_version
 .sdata         0x020204d4        0x8 /home/uoftmda/altera/13.1/nios2eds/bin/gnu/H-i686-pc-linux-gnu/bin/../lib/gcc/nios2-elf/4.7.3/../../../../../H-i686-pc-linux-gnu/nios2-elf/lib/mno-hw-mul/libc.a(lib_a-impure.o)
                0x020204d4                _global_impure_ptr
                0x020204d8                _impure_ptr
 .sdata         0x020204dc        0x4 /home/uoftmda/altera/13.1/nios2eds/bin/gnu/H-i686-pc-linux-gnu/bin/../lib/gcc/nios2-elf/4.7.3/../../../../../H-i686-pc-linux-gnu/nios2-elf/lib/mno-hw-mul/libc.a(lib_a-ctype_.o)
                0x020204dc                __ctype_ptr
 .sdata         0x020204e0        0x4 /home/uoftmda/altera/13.1/nios2eds/bin/gnu/H-i686-pc-linux-gnu/bin/../lib/gcc/nios2-elf/4.7.3/../../../../../H-i686-pc-linux-gnu/nios2-elf/lib/mno-hw-mul/libc.a(lib_a-locale.o)
                0x020204e0                __mb_cur_max
 .sdata         0x020204e4        0x8 /home/uoftmda/altera/13.1/nios2eds/bin/gnu/H-i686-pc-linux-gnu/bin/../lib/gcc/nios2-elf/4.7.3/../../../../../H-i686-pc-linux-gnu/nios2-elf/lib/mno-hw-mul/libc.a(lib_a-mallocr.o)
                0x020204e4                __malloc_sbrk_base
                0x020204e8                __malloc_trim_threshold
 .sdata         0x020204ec       0x14 ../bsp/libhal_bsp.a(alt_dev.o)
                0x020204ec                alt_fs_list
                0x020204f4                alt_dev_list
                0x020204fc                alt_max_fd
 .sdata         0x02020500        0x4 ../bsp/libhal_bsp.a(alt_errno.o)
                0x02020500                alt_errno
 .sdata         0x02020504        0x4 ../bsp/libhal_bsp.a(alt_irq_vars.o)
                0x02020504                alt_priority_mask
 .sdata         0x02020508        0x4 ../bsp/libhal_bsp.a(alt_sbrk.o)
 .sdata         0x0202050c        0x8 ../bsp/libhal_bsp.a(alt_tick.o)
                0x0202050c                alt_alarm_list
 .sdata         0x02020514        0x8 ../bsp/libhal_bsp.a(alt_flash_dev.o)
                0x02020514                alt_flash_dev_list
 *(.sdata2 .sdata2.* .gnu.linkonce.s2.*)
                0x0202051c                . = ALIGN (0x4)
                0x0202051c                _edata = ABSOLUTE (.)
                0x0202051c                PROVIDE (edata, ABSOLUTE (.))
                0x0202051c                PROVIDE (__ram_rwdata_end, ABSOLUTE (.))
                0x0202051c                PROVIDE (__flash_rwdata_start, LOADADDR (.rwdata))

.bss            0x020222a0      0xa40
                0x020222a0                __bss_start = ABSOLUTE (.)
                0x020222a0                PROVIDE (__sbss_start, ABSOLUTE (.))
                0x020222a0                PROVIDE (___sbss_start, ABSOLUTE (.))
 *(.dynsbss)
 *(.sbss .sbss.* .gnu.linkonce.sb.*)
 .sbss          0x020222a0        0x8 obj/default/src/controller.o
                0x020222a0                depth_sum
 .sbss          0x020222a8        0xc obj/default/src/interrupts.o
                0x020222a8                update_pid